Component: ARM Compiler 5.06 update 6 (build 750) Tool: armlink [4d35ed]

==============================================================================

Section Cross References

    startup_stm32f103xe.o(RESET) refers to startup_stm32f103xe.o(STACK) for __initial_sp
    startup_stm32f103xe.o(RESET) refers to startup_stm32f103xe.o(.text) for Reset_Handler
    startup_stm32f103xe.o(RESET) refers to stm32f1xx_it.o(i.NMI_Handler) for NMI_Handler
    startup_stm32f103xe.o(RESET) refers to stm32f1xx_it.o(i.HardFault_Handler) for HardFault_Handler
    startup_stm32f103xe.o(RESET) refers to stm32f1xx_it.o(i.MemManage_Handler) for MemManage_Handler
    startup_stm32f103xe.o(RESET) refers to stm32f1xx_it.o(i.BusFault_Handler) for BusFault_Handler
    startup_stm32f103xe.o(RESET) refers to stm32f1xx_it.o(i.UsageFault_Handler) for UsageFault_Handler
    startup_stm32f103xe.o(RESET) refers to stm32f1xx_it.o(i.SVC_Handler) for SVC_Handler
    startup_stm32f103xe.o(RESET) refers to stm32f1xx_it.o(i.DebugMon_Handler) for DebugMon_Handler
    startup_stm32f103xe.o(RESET) refers to stm32f1xx_it.o(i.PendSV_Handler) for PendSV_Handler
    startup_stm32f103xe.o(RESET) refers to stm32f1xx_it.o(i.SysTick_Handler) for SysTick_Handler
    startup_stm32f103xe.o(RESET) refers to stm32f1xx_it.o(i.DMA1_Channel3_IRQHandler) for DMA1_Channel3_IRQHandler
    startup_stm32f103xe.o(RESET) refers to stm32f1xx_it.o(i.DMA1_Channel6_IRQHandler) for DMA1_Channel6_IRQHandler
    startup_stm32f103xe.o(RESET) refers to stm32f1xx_it.o(i.TIM3_IRQHandler) for TIM3_IRQHandler
    startup_stm32f103xe.o(RESET) refers to stm32f1xx_it.o(i.TIM4_IRQHandler) for TIM4_IRQHandler
    startup_stm32f103xe.o(RESET) refers to stm32f1xx_it.o(i.USART1_IRQHandler) for USART1_IRQHandler
    startup_stm32f103xe.o(RESET) refers to stm32f1xx_it.o(i.USART2_IRQHandler) for USART2_IRQHandler
    startup_stm32f103xe.o(RESET) refers to stm32f1xx_it.o(i.USART3_IRQHandler) for USART3_IRQHandler
    startup_stm32f103xe.o(RESET) refers to stm32f1xx_it.o(i.TIM5_IRQHandler) for TIM5_IRQHandler
    startup_stm32f103xe.o(.text) refers to system_stm32f1xx.o(i.SystemInit) for SystemInit
    startup_stm32f103xe.o(.text) refers to entry.o(.ARM.Collect$$$$00000000) for __main
    system_stm32f1xx.o(i.SystemCoreClockUpdate) refers to system_stm32f1xx.o(.data) for .data
    system_stm32f1xx.o(i.SystemCoreClockUpdate) refers to system_stm32f1xx.o(.constdata) for .constdata
    stm32f1xx_hal_pwr.o(i.HAL_PWR_EnterSTOPMode) refers to stm32f1xx_hal_pwr.o(i.PWR_OverloadWfe) for PWR_OverloadWfe
    stm32f1xx_hal_pwr.o(i.HAL_PWR_PVD_IRQHandler) refers to stm32f1xx_hal_pwr.o(i.HAL_PWR_PVDCallback) for HAL_PWR_PVDCallback
    stm32f1xx_hal_flash.o(i.FLASH_Program_HalfWord) refers to stm32f1xx_hal_flash.o(.bss) for .bss
    stm32f1xx_hal_flash.o(i.FLASH_SetErrorCode) refers to stm32f1xx_hal_flash.o(.bss) for .bss
    stm32f1xx_hal_flash.o(i.FLASH_WaitForLastOperation) refers to stm32f1xx_hal.o(i.HAL_GetTick) for HAL_GetTick
    stm32f1xx_hal_flash.o(i.FLASH_WaitForLastOperation) refers to stm32f1xx_hal_flash.o(i.FLASH_SetErrorCode) for FLASH_SetErrorCode
    stm32f1xx_hal_flash.o(i.HAL_FLASH_GetError) refers to stm32f1xx_hal_flash.o(.bss) for .bss
    stm32f1xx_hal_flash.o(i.HAL_FLASH_IRQHandler) refers to stm32f1xx_hal_flash.o(i.FLASH_SetErrorCode) for FLASH_SetErrorCode
    stm32f1xx_hal_flash.o(i.HAL_FLASH_IRQHandler) refers to stm32f1xx_hal_flash.o(i.HAL_FLASH_OperationErrorCallback) for HAL_FLASH_OperationErrorCallback
    stm32f1xx_hal_flash.o(i.HAL_FLASH_IRQHandler) refers to stm32f1xx_hal_flash.o(i.FLASH_Program_HalfWord) for FLASH_Program_HalfWord
    stm32f1xx_hal_flash.o(i.HAL_FLASH_IRQHandler) refers to stm32f1xx_hal_flash.o(i.HAL_FLASH_EndOfOperationCallback) for HAL_FLASH_EndOfOperationCallback
    stm32f1xx_hal_flash.o(i.HAL_FLASH_IRQHandler) refers to stm32f1xx_hal_flash_ex.o(i.FLASH_PageErase) for FLASH_PageErase
    stm32f1xx_hal_flash.o(i.HAL_FLASH_IRQHandler) refers to stm32f1xx_hal_flash.o(.bss) for .bss
    stm32f1xx_hal_flash.o(i.HAL_FLASH_OB_Launch) refers to stm32f1xx_hal_cortex.o(i.HAL_NVIC_SystemReset) for HAL_NVIC_SystemReset
    stm32f1xx_hal_flash.o(i.HAL_FLASH_Program) refers to stm32f1xx_hal_flash.o(i.FLASH_WaitForLastOperation) for FLASH_WaitForLastOperation
    stm32f1xx_hal_flash.o(i.HAL_FLASH_Program) refers to llushr.o(.text) for __aeabi_llsr
    stm32f1xx_hal_flash.o(i.HAL_FLASH_Program) refers to stm32f1xx_hal_flash.o(i.FLASH_Program_HalfWord) for FLASH_Program_HalfWord
    stm32f1xx_hal_flash.o(i.HAL_FLASH_Program) refers to stm32f1xx_hal_flash.o(.bss) for .bss
    stm32f1xx_hal_flash.o(i.HAL_FLASH_Program_IT) refers to stm32f1xx_hal_flash.o(i.FLASH_Program_HalfWord) for FLASH_Program_HalfWord
    stm32f1xx_hal_flash.o(i.HAL_FLASH_Program_IT) refers to stm32f1xx_hal_flash.o(.bss) for .bss
    stm32f1xx_hal_tim.o(i.HAL_TIM_Base_DeInit) refers to tim.o(i.HAL_TIM_Base_MspDeInit) for HAL_TIM_Base_MspDeInit
[...]
    Removing stm32f1xx_hal.o(i.HAL_SuspendTick), (14 bytes).
    Removing stm32f1xx_hal_dma.o(.rev16_text), (4 bytes).
    Removing stm32f1xx_hal_dma.o(.revsh_text), (4 bytes).
    Removing stm32f1xx_hal_dma.o(.rrx_text), (6 bytes).
    Removing stm32f1xx_hal_dma.o(i.HAL_DMA_DeInit), (120 bytes).
    Removing stm32f1xx_hal_dma.o(i.HAL_DMA_GetError), (4 bytes).
    Removing stm32f1xx_hal_dma.o(i.HAL_DMA_GetState), (6 bytes).
    Removing stm32f1xx_hal_dma.o(i.HAL_DMA_PollForTransfer), (988 bytes).
    Removing stm32f1xx_hal_dma.o(i.HAL_DMA_RegisterCallback), (74 bytes).
    Removing stm32f1xx_hal_dma.o(i.HAL_DMA_Start), (80 bytes).
    Removing stm32f1xx_hal_dma.o(i.HAL_DMA_UnRegisterCallback), (82 bytes).
    Removing stm32f1xx_hal_gpio.o(.rev16_text), (4 bytes).
    Removing stm32f1xx_hal_gpio.o(.revsh_text), (4 bytes).
    Removing stm32f1xx_hal_gpio.o(.rrx_text), (6 bytes).
    Removing stm32f1xx_hal_gpio.o(i.HAL_GPIO_DeInit), (256 bytes).
    Removing stm32f1xx_hal_gpio.o(i.HAL_GPIO_EXTI_Callback), (2 bytes).
    Removing stm32f1xx_hal_gpio.o(i.HAL_GPIO_EXTI_IRQHandler), (24 bytes).
    Removing stm32f1xx_hal_gpio.o(i.HAL_GPIO_LockPin), (34 bytes).
    Removing stm32f1xx_hal_gpio.o(i.HAL_GPIO_TogglePin), (8 bytes).
    Removing stm32f1xx_hal_flash_ex.o(.rev16_text), (4 bytes).
    Removing stm32f1xx_hal_flash_ex.o(.revsh_text), (4 bytes).
    Removing stm32f1xx_hal_flash_ex.o(.rrx_text), (6 bytes).
    Removing stm32f1xx_hal_flash_ex.o(i.FLASH_MassErase), (36 bytes).
    Removing stm32f1xx_hal_flash_ex.o(i.FLASH_PageErase), (36 bytes).
    Removing stm32f1xx_hal_flash_ex.o(i.HAL_FLASHEx_Erase), (168 bytes).
    Removing stm32f1xx_hal_flash_ex.o(i.HAL_FLASHEx_Erase_IT), (84 bytes).
    Removing stm32f1xx_hal_rcc.o(.rev16_text), (4 bytes).
    Removing stm32f1xx_hal_rcc.o(.revsh_text), (4 bytes).
    Removing stm32f1xx_hal_rcc.o(.rrx_text), (6 bytes).
    Removing stm32f1xx_hal_rcc.o(i.HAL_RCC_CSSCallback), (2 bytes).
    Removing stm32f1xx_hal_rcc.o(i.HAL_RCC_DeInit), (216 bytes).
    Removing stm32f1xx_hal_rcc.o(i.HAL_RCC_DisableCSS), (12 bytes).
    Removing stm32f1xx_hal_rcc.o(i.HAL_RCC_EnableCSS), (12 bytes).
    Removing stm32f1xx_hal_rcc.o(i.HAL_RCC_GetClockConfig), (64 bytes).
    Removing stm32f1xx_hal_rcc.o(i.HAL_RCC_GetOscConfig), (144 bytes).
    Removing stm32f1xx_hal_rcc.o(i.HAL_RCC_MCOConfig), (72 bytes).
    Removing stm32f1xx_hal_rcc.o(i.HAL_RCC_NMI_IRQHandler), (24 bytes).
    Removing main.o(.rev16_text), (4 bytes).
    Removing main.o(.revsh_text), (4 bytes).
    Removing main.o(.rrx_text), (6 bytes).
    Removing main.o(.data), (1 bytes).
    Removing dma.o(.rev16_text), (4 bytes).
    Removing dma.o(.revsh_text), (4 bytes).
    Removing dma.o(.rrx_text), (6 bytes).
    Removing gpio.o(.rev16_text), (4 bytes).
    Removing gpio.o(.revsh_text), (4 bytes).
    Removing gpio.o(.rrx_text), (6 bytes).
    Removing stm32f1xx_it.o(.rev16_text), (4 bytes).
    Removing stm32f1xx_it.o(.revsh_text), (4 bytes).
    Removing stm32f1xx_it.o(.rrx_text), (6 bytes).
    Removing stm32f1xx_hal_msp.o(.rev16_text), (4 bytes).
    Removing stm32f1xx_hal_msp.o(.revsh_text), (4 bytes).
    Removing stm32f1xx_hal_msp.o(.rrx_text), (6 bytes).
    Removing usart.o(.rev16_text), (4 bytes).
    Removing usart.o(.revsh_text), (4 bytes).
    Removing usart.o(.rrx_text), (6 bytes).
    Removing usart.o(i.HAL_UART_MspDeInit), (136 bytes).
    Removing tim.o(.rev16_text), (4 bytes).
    Removing tim.o(.revsh_text), (4 bytes).
    Removing tim.o(.rrx_text), (6 bytes).
    Removing tim.o(i.HAL_TIM_Base_MspDeInit), (80 bytes).
    Removing bsp_rs485x.o(.rev16_text), (4 bytes).
    Removing bsp_rs485x.o(.revsh_text), (4 bytes).
    Removing bsp_rs485x.o(.rrx_text), (6 bytes).
    Removing bsp_rs485x.o(i.EnterCritical), (8 bytes).
    Removing bsp_rs485x.o(i.ExitCritical), (6 bytes).
    Removing bsp_rs485x.o(i.bsp_RS485A_AckCmd_Extern), (2 bytes).
    Removing bsp_rs485x.o(i.bsp_RS485A_SendByte), (20 bytes).
    Removing bsp_rs485x.o(i.bsp_RS485B_SendByte), (20 bytes).
    Removing bsp_rs485x.o(i.bsp_RS485C_AckData), (48 bytes).
    Removing bsp_rs485x.o(i.bsp_RS485C_PrashData), (172 bytes).
    Removing bsp_rs485x.o(i.bsp_RS485C_PrashDataA), (48 bytes).
    Removing bsp_rs485x.o(i.bsp_RS485C_Receive_IDLE), (72 bytes).
    Removing bsp_rs485x.o(i.bsp_RS485C_SendByte), (20 bytes).
    Removing bsp_rs485x.o(.data), (1 bytes).
    Removing bsp_rs485x.o(.data), (2 bytes).
    Removing bsp_gpiocontrol.o(.rev16_text), (4 bytes).
    Removing bsp_gpiocontrol.o(.revsh_text), (4 bytes).
    Removing bsp_gpiocontrol.o(.rrx_text), (6 bytes).
    Removing bsp_gpiocontrol.o(i.bsp_gpioControlGetFireFlag), (24 bytes).
    Removing bsp_gpiocontrol.o(.data), (1 bytes).
    Removing stm32flash.o(.rev16_text), (4 bytes).
    Removing stm32flash.o(.revsh_text), (4 bytes).
    Removing stm32flash.o(.rrx_text), (6 bytes).
    Removing stm32flash.o(i.STMFLASH_Read), (26 bytes).
    Removing stm32flash.o(i.STMFLASH_ReadHalfWord), (4 bytes).
    Removing stm32flash.o(i.STMFLASH_Write), (224 bytes).
    Removing stm32flash.o(i.STMFLASH_Write_NoCheck), (44 bytes).
    Removing stm32flash.o(.bss), (2048 bytes).
    Removing fire_ctrl.o(.rev16_text), (4 bytes).
    Removing fire_ctrl.o(.revsh_text), (4 bytes).
    Removing fire_ctrl.o(.rrx_text), (6 bytes).
    Removing dadd.o(.text), (334 bytes).
    Removing dmul.o(.text), (228 bytes).
    Removing ddiv.o(.text), (222 bytes).
    Removing dfixul.o(.text), (48 bytes).
    Removing cdrcmple.o(.text), (48 bytes).
    Removing depilogue.o(.text), (186 bytes).

347 unused section(s) (total 21297 bytes) removed from the image.

==============================================================================

Image Symbol Table

    Local Symbols

    Symbol Name                              Value     Ov Type        Size  Object(Section)

    ..//Src/system_stm32f1xx.c               0x00000000   Number         0  system_stm32f1xx.o ABSOLUTE
    ../Drivers/STM32F1xx_HAL_Driver/Src/stm32f1xx_hal.c 0x00000000   Number         0  stm32f1xx_hal.o ABSOLUTE
    ../Drivers/STM32F1xx_HAL_Driver/Src/stm32f1xx_hal_cortex.c 0x00000000   Number         0  stm32f1xx_hal_cortex.o ABSOLUTE
    ../Drivers/STM32F1xx_HAL_Driver/Src/stm32f1xx_hal_dma.c 0x00000000   Number         0  stm32f1xx_hal_dma.o ABSOLUTE
    ../Drivers/STM32F1xx_HAL_Driver/Src/stm32f1xx_hal_flash.c 0x00000000   Number         0  stm32f1xx_hal_flash.o ABSOLUTE
    ../Drivers/STM32F1xx_HAL_Driver/Src/stm32f1xx_hal_flash_ex.c 0x00000000   Number         0  stm32f1xx_hal_flash_ex.o ABSOLUTE
    ../Drivers/STM32F1xx_HAL_Driver/Src/stm32f1xx_hal_gpio.c 0x00000000   Number         0  stm32f1xx_hal_gpio.o ABSOLUTE
    ../Drivers/STM32F1xx_HAL_Driver/Src/stm32f1xx_hal_gpio_ex.c 0x00000000   Number         0  stm32f1xx_hal_gpio_ex.o ABSOLUTE
    ../Drivers/STM32F1xx_HAL_Driver/Src/stm32f1xx_hal_pwr.c 0x00000000   Number         0  stm32f1xx_hal_pwr.o ABSOLUTE
    ../Drivers/STM32F1xx_HAL_Driver/Src/stm32f1xx_hal_rcc.c 0x00000000   Number         0  stm32f1xx_hal_rcc.o ABSOLUTE
    ../Drivers/STM32F1xx_HAL_Driver/Src/stm32f1xx_hal_rcc_ex.c 0x00000000   Number         0  stm32f1xx_hal_rcc_ex.o ABSOLUTE
    ../Drivers/STM32F1xx_HAL_Driver/Src/stm32f1xx_hal_tim.c 0x00000000   Number         0  stm32f1xx_hal_tim.o ABSOLUTE
    ../Drivers/STM32F1xx_HAL_Driver/Src/stm32f1xx_hal_tim_ex.c 0x00000000   Number         0  stm32f1xx_hal_tim_ex.o ABSOLUTE
    ../Drivers/STM32F1xx_HAL_Driver/Src/stm32f1xx_hal_uart.c 0x00000000   Number         0  stm32f1xx_hal_uart.o ABSOLUTE
    ../Src/dma.c                             0x00000000   Number         0  dma.o ABSOLUTE
    ../Src/gpio.c                            0x00000000   Number         0  gpio.o ABSOLUTE
    ../Src/main.c                            0x00000000   Number         0  main.o ABSOLUTE
    ../Src/stm32f1xx_hal_msp.c               0x00000000   Number         0  stm32f1xx_hal_msp.o ABSOLUTE
    ../Src/stm32f1xx_it.c                    0x00000000   Number         0  stm32f1xx_it.o ABSOLUTE
    ../Src/tim.c                             0x00000000   Number         0  tim.o ABSOLUTE
    ../Src/usart.c                           0x00000000   Number         0  usart.o ABSOLUTE
    ../clib/microlib/division.c              0x00000000   Number         0  uidiv.o ABSOLUTE
    ../clib/microlib/division.c              0x00000000   Number         0  uldiv.o ABSOLUTE
    ../clib/microlib/init/entry.s            0x00000000   Number         0  entry7b.o ABSOLUTE
    ../clib/microlib/init/entry.s            0x00000000   Number         0  entry7a.o ABSOLUTE
    ../clib/microlib/init/entry.s            0x00000000   Number         0  entry2.o ABSOLUTE
    ../clib/microlib/init/entry.s            0x00000000   Number         0  entry5.o ABSOLUTE
    ../clib/microlib/init/entry.s            0x00000000   Number         0  entry.o ABSOLUTE
    ../clib/microlib/init/entry.s            0x00000000   Number         0  entry11b.o ABSOLUTE
    ../clib/microlib/init/entry.s            0x00000000   Number         0  entry11a.o ABSOLUTE
    ../clib/microlib/init/entry.s            0x00000000   Number         0  entry10b.o ABSOLUTE
    ../clib/microlib/init/entry.s            0x00000000   Number         0  entry10a.o ABSOLUTE
    ../clib/microlib/init/entry.s            0x00000000   Number         0  entry9b.o ABSOLUTE
    ../clib/microlib/init/entry.s            0x00000000   Number         0  entry9a.o ABSOLUTE
    ../clib/microlib/init/entry.s            0x00000000   Number         0  entry8b.o ABSOLUTE
    ../clib/microlib/init/entry.s            0x00000000   Number         0  entry8a.o ABSOLUTE
    ../clib/microlib/longlong.c              0x00000000   Number         0  llushr.o ABSOLUTE
    ../clib/microlib/longlong.c              0x00000000   Number         0  llsshr.o ABSOLUTE
    ../clib/microlib/longlong.c              0x00000000   Number         0  llshl.o ABSOLUTE
    ../clib/microlib/printf/printf.c         0x00000000   Number         0  printfa.o ABSOLUTE
    ../clib/microlib/printf/printf.c         0x00000000   Number         0  printf3.o ABSOLUTE
    ../clib/microlib/printf/printf.c         0x00000000   Number         0  printf2.o ABSOLUTE
    ../clib/microlib/printf/printf.c         0x00000000   Number         0  printf1.o ABSOLUTE
    ../clib/microlib/printf/printf.c         0x00000000   Number         0  printf4.o ABSOLUTE
    ../clib/microlib/printf/printf.c         0x00000000   Number         0  printf5.o ABSOLUTE
    ../clib/microlib/printf/printf.c         0x00000000   Number         0  printf6.o ABSOLUTE
    ../clib/microlib/printf/printf.c         0x00000000   Number         0  printf7.o ABSOLUTE
    ../clib/microlib/printf/printf.c         0x00000000   Number         0  printf8.o ABSOLUTE
    ../clib/microlib/printf/printf.c         0x00000000   Number         0  printfb.o ABSOLUTE
    ../clib/microlib/printf/printf.c         0x00000000   Number         0  printf0.o ABSOLUTE
    ../clib/microlib/printf/stubs.s          0x00000000   Number         0  stubs.o ABSOLUTE
    ../clib/microlib/stdio/streams.c         0x00000000   Number         0  stdout.o ABSOLUTE
    ../clib/microlib/stubs.s                 0x00000000   Number         0  iusefp.o ABSOLUTE
    ../fplib/microlib/fpadd.c                0x00000000   Number         0  dadd.o ABSOLUTE
    ../fplib/microlib/fpdiv.c                0x00000000   Number         0  ddiv.o ABSOLUTE
    ../fplib/microlib/fpepilogue.c           0x00000000   Number         0  depilogue.o ABSOLUTE
    ../fplib/microlib/fpfix.c                0x00000000   Number         0  dfixul.o ABSOLUTE
    ../fplib/microlib/fpmul.c                0x00000000   Number         0  dmul.o ABSOLUTE
    ..\Drivers\STM32F1xx_HAL_Driver\Src\stm32f1xx_hal.c 0x00000000   Number         0  stm32f1xx_hal.o ABSOLUTE
    ..\Drivers\STM32F1xx_HAL_Driver\Src\stm32f1xx_hal_cortex.c 0x00000000   Number         0  stm32f1xx_hal_cortex.o ABSOLUTE
    ..\Drivers\STM32F1xx_HAL_Driver\Src\stm32f1xx_hal_dma.c 0x00000000   Number         0  stm32f1xx_hal_dma.o ABSOLUTE
    ..\Drivers\STM32F1xx_HAL_Driver\Src\stm32f1xx_hal_flash.c 0x00000000   Number         0  stm32f1xx_hal_flash.o ABSOLUTE
    ..\Drivers\STM32F1xx_HAL_Driver\Src\stm32f1xx_hal_flash_ex.c 0x00000000   Number         0  stm32f1xx_hal_flash_ex.o ABSOLUTE
    ..\Drivers\STM32F1xx_HAL_Driver\Src\stm32f1xx_hal_gpio.c 0x00000000   Number         0  stm32f1xx_hal_gpio.o ABSOLUTE
    ..\Drivers\STM32F1xx_HAL_Driver\Src\stm32f1xx_hal_gpio_ex.c 0x00000000   Number         0  stm32f1xx_hal_gpio_ex.o ABSOLUTE
    ..\Drivers\STM32F1xx_HAL_Driver\Src\stm32f1xx_hal_pwr.c 0x00000000   Number         0  stm32f1xx_hal_pwr.o ABSOLUTE
    ..\Drivers\STM32F1xx_HAL_Driver\Src\stm32f1xx_hal_rcc.c 0x00000000   Number         0  stm32f1xx_hal_rcc.o ABSOLUTE
    ..\Drivers\STM32F1xx_HAL_Driver\Src\stm32f1xx_hal_rcc_ex.c 0x00000000   Number         0  stm32f1xx_hal_rcc_ex.o ABSOLUTE
    ..\Drivers\STM32F1xx_HAL_Driver\Src\stm32f1xx_hal_tim.c 0x00000000   Number         0  stm32f1xx_hal_tim.o ABSOLUTE
    ..\Drivers\STM32F1xx_HAL_Driver\Src\stm32f1xx_hal_tim_ex.c 0x00000000   Number         0  stm32f1xx_hal_tim_ex.o ABSOLUTE
    ..\Drivers\STM32F1xx_HAL_Driver\Src\stm32f1xx_hal_uart.c 0x00000000   Number         0  stm32f1xx_hal_uart.o ABSOLUTE
    ..\Src\bsp_gpioControl.c                 0x00000000   Number         0  bsp_gpiocontrol.o ABSOLUTE
    ..\Src\bsp_rs485x.c                      0x00000000   Number         0  bsp_rs485x.o ABSOLUTE
    ..\Src\dma.c                             0x00000000   Number         0  dma.o ABSOLUTE
    ..\Src\fire_ctrl.c                       0x00000000   Number         0  fire_ctrl.o ABSOLUTE
    ..\Src\gpio.c                            0x00000000   Number         0  gpio.o ABSOLUTE
    ..\Src\main.c                            0x00000000   Number         0  main.o ABSOLUTE
    ..\Src\stm32Flash.c                      0x00000000   Number         0  stm32flash.o ABSOLUTE
    ..\Src\stm32f1xx_hal_msp.c               0x00000000   Number         0  stm32f1xx_hal_msp.o ABSOLUTE
    ..\Src\stm32f1xx_it.c                    0x00000000   Number         0  stm32f1xx_it.o ABSOLUTE
    ..\Src\tim.c                             0x00000000   Number         0  tim.o ABSOLUTE
    ..\Src\usart.c                           0x00000000   Number         0  usart.o ABSOLUTE
    ..\\Src\\bsp_gpioControl.c               0x00000000   Number         0  bsp_gpiocontrol.o ABSOLUTE
    ..\\Src\\bsp_rs485x.c                    0x00000000   Number         0  bsp_rs485x.o ABSOLUTE
    ..\\Src\\fire_ctrl.c                     0x00000000   Number         0  fire_ctrl.o ABSOLUTE
    ..\\Src\\stm32Flash.c                    0x00000000   Number         0  stm32flash.o ABSOLUTE
    ..\\Src\system_stm32f1xx.c               0x00000000   Number         0  system_stm32f1xx.o ABSOLUTE
    cdrcmple.s                               0x00000000   Number         0  cdrcmple.o ABSOLUTE
    dc.s                                     0x00000000   Number         0  dc.o ABSOLUTE
    handlers.s                               0x00000000   Number         0  handlers.o ABSOLUTE
    init.s                                   0x00000000   Number         0  init.o ABSOLUTE
    startup_stm32f103xe.s                    0x00000000   Number         0  startup_stm32f103xe.o ABSOLUTE
    RESET                                    0x08000000   Section      304  startup_stm32f103xe.o(RESET)
    .ARM.Collect$$$$00000000                 0x08000130   Section        0  entry.o(.ARM.Collect$$$$00000000)
    .ARM.Collect$$$$00000001                 0x08000130   Section        4  entry2.o(.ARM.Collect$$$$00000001)
    .ARM.Collect$$$$00000004                 0x08000134   Section        4  entry5.o(.ARM.Collect$$$$00000004)
    .ARM.Collect$$$$00000008                 0x08000138   Section        0  entry7b.o(.ARM.Collect$$$$00000008)
    .ARM.Collect$$$$0000000A                 0x08000138   Section        0  entry8b.o(.ARM.Collect$$$$0000000A)
    .ARM.Collect$$$$0000000B                 0x08000138   Section        8  entry9a.o(.ARM.Collect$$$$0000000B)
    .ARM.Collect$$$$0000000D                 0x08000140   Section        0  entry10a.o(.ARM.Collect$$$$0000000D)
    .ARM.Collect$$$$0000000F                 0x08000140   Section        0  entry11a.o(.ARM.Collect$$$$0000000F)
    .ARM.Collect$$$$00002712                 0x08000140   Section        4  entry2.o(.ARM.Collect$$$$00002712)
    __lit__00000000                          0x08000140   Data           4  entry2.o(.ARM.Collect$$$$00002712)
    .text                                    0x08000144   Section       36  startup_stm32f103xe.o(.text)
    .text                                    0x08000168   Section        0  uidiv.o(.text)
    .text                                    0x08000194   Section       36  init.o(.text)
    i.BusFault_Handler                       0x080001b8   Section        0  stm32f1xx_it.o(i.BusFault_Handler)
    i.DMA1_Channel3_IRQHandler               0x080001bc   Section        0  stm32f1xx_it.o(i.DMA1_Channel3_IRQHandler)
    i.DMA1_Channel6_IRQHandler               0x080001c8   Section        0  stm32f1xx_it.o(i.DMA1_Channel6_IRQHandler)
    i.DMA_SetConfig                          0x080001d4   Section        0  stm32f1xx_hal_dma.o(i.DMA_SetConfig)
    DMA_SetConfig                            0x080001d5   Thumb Code    42  stm32f1xx_hal_dma.o(i.DMA_SetConfig)
    i.DebugMon_Handler                       0x080001fe   Section        0  stm32f1xx_it.o(i.DebugMon_Handler)
    i.FLASH_OB_DisableWRP                    0x08000200   Section        0  stm32f1xx_hal_flash_ex.o(i.FLASH_OB_DisableWRP)
    FLASH_OB_DisableWRP                      0x08000201   Thumb Code   164  stm32f1xx_hal_flash_ex.o(i.FLASH_OB_DisableWRP)
    i.FLASH_OB_EnableWRP                     0x080002b0   Section        0  stm32f1xx_hal_flash_ex.o(i.FLASH_OB_EnableWRP)
    FLASH_OB_EnableWRP                       0x080002b1   Thumb Code   164  stm32f1xx_hal_flash_ex.o(i.FLASH_OB_EnableWRP)
    i.FLASH_OB_GetRDP                        0x08000360   Section        0  stm32f1xx_hal_flash_ex.o(i.FLASH_OB_GetRDP)
    FLASH_OB_GetRDP                          0x08000361   Thumb Code    18  stm32f1xx_hal_flash_ex.o(i.FLASH_OB_GetRDP)
    i.FLASH_OB_RDP_LevelConfig               0x08000378   Section        0  stm32f1xx_hal_flash_ex.o(i.FLASH_OB_RDP_LevelConfig)
    FLASH_OB_RDP_LevelConfig                 0x08000379   Thumb Code    86  stm32f1xx_hal_flash_ex.o(i.FLASH_OB_RDP_LevelConfig)
    i.FLASH_SetErrorCode                     0x080003dc   Section        0  stm32f1xx_hal_flash.o(i.FLASH_SetErrorCode)
    FLASH_SetErrorCode                       0x080003dd   Thumb Code    84  stm32f1xx_hal_flash.o(i.FLASH_SetErrorCode)
    i.FLASH_WaitForLastOperation             0x08000438   Section        0  stm32f1xx_hal_flash.o(i.FLASH_WaitForLastOperation)
    i.HAL_DMA_Abort                          0x0800048c   Section        0  stm32f1xx_hal_dma.o(i.HAL_DMA_Abort)
    i.HAL_DMA_Abort_IT                       0x080004bc   Section        0  stm32f1xx_hal_dma.o(i.HAL_DMA_Abort_IT)
    i.HAL_DMA_IRQHandler                     0x080005ec   Section        0  stm32f1xx_hal_dma.o(i.HAL_DMA_IRQHandler)
    i.HAL_DMA_Init                           0x08000834   Section        0  stm32f1xx_hal_dma.o(i.HAL_DMA_Init)
    i.HAL_DMA_Start_IT                       0x080008b8   Section        0  stm32f1xx_hal_dma.o(i.HAL_DMA_Start_IT)
    i.HAL_FLASHEx_OBErase                    0x08000928   Section        0  stm32f1xx_hal_flash_ex.o(i.HAL_FLASHEx_OBErase)
    i.HAL_FLASHEx_OBGetConfig                0x0800097c   Section        0  stm32f1xx_hal_flash_ex.o(i.HAL_FLASHEx_OBGetConfig)
    i.HAL_FLASHEx_OBGetUserData              0x080009a0   Section        0  stm32f1xx_hal_flash_ex.o(i.HAL_FLASHEx_OBGetUserData)
    i.HAL_FLASHEx_OBProgram                  0x080009c0   Section        0  stm32f1xx_hal_flash_ex.o(i.HAL_FLASHEx_OBProgram)
    i.HAL_FLASH_Lock                         0x08000a88   Section        0  stm32f1xx_hal_flash.o(i.HAL_FLASH_Lock)
    i.HAL_FLASH_OB_Lock                      0x08000a9c   Section        0  stm32f1xx_hal_flash.o(i.HAL_FLASH_OB_Lock)
    i.HAL_FLASH_OB_Unlock                    0x08000ab0   Section        0  stm32f1xx_hal_flash.o(i.HAL_FLASH_OB_Unlock)
    i.HAL_FLASH_Unlock                       0x08000ad4   Section        0  stm32f1xx_hal_flash.o(i.HAL_FLASH_Unlock)
    i.HAL_GPIO_Init                          0x08000afc   Section        0  stm32f1xx_hal_gpio.o(i.HAL_GPIO_Init)
    i.HAL_GPIO_ReadPin                       0x08000ce4   Section        0  stm32f1xx_hal_gpio.o(i.HAL_GPIO_ReadPin)
    i.HAL_GPIO_WritePin                      0x08000cee   Section        0  stm32f1xx_hal_gpio.o(i.HAL_GPIO_WritePin)
    i.HAL_GetTick                            0x08000cf8   Section        0  stm32f1xx_hal.o(i.HAL_GetTick)
    i.HAL_IncTick                            0x08000d04   Section        0  stm32f1xx_hal.o(i.HAL_IncTick)
    i.HAL_Init                               0x08000d14   Section        0  stm32f1xx_hal.o(i.HAL_Init)
    i.HAL_InitTick                           0x08000d38   Section        0  stm32f1xx_hal.o(i.HAL_InitTick)
    i.HAL_MspInit                            0x08000d78   Section        0  stm32f1xx_hal_msp.o(i.HAL_MspInit)
    i.HAL_NVIC_EnableIRQ                     0x08000df8   Section        0  stm32f1xx_hal_cortex.o(i.HAL_NVIC_EnableIRQ)
    i.HAL_NVIC_SetPriority                   0x08000e10   Section        0  stm32f1xx_hal_cortex.o(i.HAL_NVIC_SetPriority)
    i.HAL_NVIC_SetPriorityGrouping           0x08000e50   Section        0  stm32f1xx_hal_cortex.o(i.HAL_NVIC_SetPriorityGrouping)
    i.HAL_RCC_ClockConfig                    0x08000e74   Section        0  stm32f1xx_hal_rcc.o(i.HAL_RCC_ClockConfig)
    i.HAL_RCC_GetHCLKFreq                    0x08000fc8   Section        0  stm32f1xx_hal_rcc.o(i.HAL_RCC_GetHCLKFreq)
    i.HAL_RCC_GetPCLK1Freq                   0x08000fd4   Section        0  stm32f1xx_hal_rcc.o(i.HAL_RCC_GetPCLK1Freq)
    i.HAL_RCC_GetPCLK2Freq                   0x08000ff4   Section        0  stm32f1xx_hal_rcc.o(i.HAL_RCC_GetPCLK2Freq)
    i.HAL_RCC_GetSysClockFreq                0x08001014   Section        0  stm32f1xx_hal_rcc.o(i.HAL_RCC_GetSysClockFreq)
    i.HAL_RCC_OscConfig                      0x08001080   Section        0  stm32f1xx_hal_rcc.o(i.HAL_RCC_OscConfig)
    i.HAL_SYSTICK_CLKSourceConfig            0x08001384   Section        0  stm32f1xx_hal_cortex.o(i.HAL_SYSTICK_CLKSourceConfig)
    i.HAL_SYSTICK_Callback                   0x0800139c   Section        0  stm32f1xx_hal_cortex.o(i.HAL_SYSTICK_Callback)
    i.HAL_SYSTICK_Config                     0x0800139e   Section        0  stm32f1xx_hal_cortex.o(i.HAL_SYSTICK_Config)
    i.HAL_SYSTICK_IRQHandler                 0x080013c6   Section        0  stm32f1xx_hal_cortex.o(i.HAL_SYSTICK_IRQHandler)
    i.HAL_TIMEx_BreakCallback                0x080013ce   Section        0  stm32f1xx_hal_tim_ex.o(i.HAL_TIMEx_BreakCallback)
    i.HAL_TIMEx_CommutationCallback          0x080013d0   Section        0  stm32f1xx_hal_tim_ex.o(i.HAL_TIMEx_CommutationCallback)
    i.HAL_TIMEx_MasterConfigSynchronization  0x080013d2   Section        0  stm32f1xx_hal_tim_ex.o(i.HAL_TIMEx_MasterConfigSynchronization)
    i.HAL_TIM_Base_Init                      0x08001422   Section        0  stm32f1xx_hal_tim.o(i.HAL_TIM_Base_Init)
    i.HAL_TIM_Base_MspInit                   0x08001458   Section        0  tim.o(i.HAL_TIM_Base_MspInit)
    i.HAL_TIM_Base_Start_IT                  0x080014b4   Section        0  stm32f1xx_hal_tim.o(i.HAL_TIM_Base_Start_IT)
    i.HAL_TIM_ConfigClockSource              0x080014cc   Section        0  stm32f1xx_hal_tim.o(i.HAL_TIM_ConfigClockSource)
    i.HAL_TIM_IC_CaptureCallback             0x080015be   Section        0  stm32f1xx_hal_tim.o(i.HAL_TIM_IC_CaptureCallback)
    i.HAL_TIM_IRQHandler                     0x080015c0   Section        0  stm32f1xx_hal_tim.o(i.HAL_TIM_IRQHandler)
    i.HAL_TIM_OC_DelayElapsedCallback        0x08001726   Section        0  stm32f1xx_hal_tim.o(i.HAL_TIM_OC_DelayElapsedCallback)
    i.HAL_TIM_PWM_PulseFinishedCallback      0x08001728   Section        0  stm32f1xx_hal_tim.o(i.HAL_TIM_PWM_PulseFinishedCallback)
    i.HAL_TIM_PeriodElapsedCallback          0x0800172c   Section        0  main.o(i.HAL_TIM_PeriodElapsedCallback)
    i.HAL_TIM_TriggerCallback                0x08001990   Section        0  stm32f1xx_hal_tim.o(i.HAL_TIM_TriggerCallback)
    i.HAL_UART_DMAStop                       0x08001992   Section        0  stm32f1xx_hal_uart.o(i.HAL_UART_DMAStop)
    i.HAL_UART_ErrorCallback                 0x080019ea   Section        0  stm32f1xx_hal_uart.o(i.HAL_UART_ErrorCallback)
    i.HAL_UART_IRQHandler                    0x080019ec   Section        0  stm32f1xx_hal_uart.o(i.HAL_UART_IRQHandler)
    i.HAL_UART_Init                          0x08001afc   Section        0  stm32f1xx_hal_uart.o(i.HAL_UART_Init)
    i.HAL_UART_MspInit                       0x08001b60   Section        0  usart.o(i.HAL_UART_MspInit)
    i.HAL_UART_Receive_DMA                   0x08001ccc   Section        0  stm32f1xx_hal_uart.o(i.HAL_UART_Receive_DMA)
    i.HAL_UART_RxCpltCallback                0x08001d64   Section        0  stm32f1xx_hal_uart.o(i.HAL_UART_RxCpltCallback)
    i.HAL_UART_RxHalfCpltCallback            0x08001d66   Section        0  stm32f1xx_hal_uart.o(i.HAL_UART_RxHalfCpltCallback)
    i.HAL_UART_Transmit                      0x08001d68   Section        0  stm32f1xx_hal_uart.o(i.HAL_UART_Transmit)
    i.HAL_UART_TxCpltCallback                0x08001e22   Section        0  stm32f1xx_hal_uart.o(i.HAL_UART_TxCpltCallback)
    i.HardFault_Handler                      0x08001e24   Section        0  stm32f1xx_it.o(i.HardFault_Handler)
    i.MX_DMA_Init                            0x08001e28   Section        0  dma.o(i.MX_DMA_Init)
    i.MX_GPIO_Init                           0x08001e44   Section        0  gpio.o(i.MX_GPIO_Init)
    i.MX_NVIC_Init                           0x08001f64   Section        0  main.o(i.MX_NVIC_Init)
    MX_NVIC_Init                             0x08001f65   Thumb Code   134  main.o(i.MX_NVIC_Init)
    i.MX_TIM3_Init                           0x08001fec   Section        0  tim.o(i.MX_TIM3_Init)
    i.MX_TIM4_Init                           0x08002068   Section        0  tim.o(i.MX_TIM4_Init)
    i.MX_TIM5_Init                           0x080020e4   Section        0  tim.o(i.MX_TIM5_Init)
    i.MX_USART1_UART_Init                    0x08002158   Section        0  usart.o(i.MX_USART1_UART_Init)
    i.MX_USART2_UART_Init                    0x080021a4   Section        0  usart.o(i.MX_USART2_UART_Init)
    i.MX_USART3_UART_Init                    0x080021f0   Section        0  usart.o(i.MX_USART3_UART_Init)
    i.MemManage_Handler                      0x0800223c   Section        0  stm32f1xx_it.o(i.MemManage_Handler)
    i.NMI_Handler                            0x0800223e   Section        0  stm32f1xx_it.o(i.NMI_Handler)
    i.NVIC_SetPriority                       0x08002240   Section        0  stm32f1xx_hal_cortex.o(i.NVIC_SetPriority)
    NVIC_SetPriority                         0x08002241   Thumb Code    32  stm32f1xx_hal_cortex.o(i.NVIC_SetPriority)
    i.PendSV_Handler                         0x08002260   Section        0  stm32f1xx_it.o(i.PendSV_Handler)
    i.SVC_Handler                            0x08002262   Section        0  stm32f1xx_it.o(i.SVC_Handler)
    i.SysTick_Handler                        0x08002264   Section        0  stm32f1xx_it.o(i.SysTick_Handler)
    i.SystemClock_Config                     0x08002272   Section        0  main.o(i.SystemClock_Config)
    i.SystemInit                             0x080022d8   Section        0  system_stm32f1xx.o(i.SystemInit)
    i.TIM3_IRQHandler                        0x08002320   Section        0  stm32f1xx_it.o(i.TIM3_IRQHandler)
    i.TIM4_IRQHandler                        0x0800232c   Section        0  stm32f1xx_it.o(i.TIM4_IRQHandler)
    i.TIM5_IRQHandler                        0x08002338   Section        0  stm32f1xx_it.o(i.TIM5_IRQHandler)
    i.TIM_Base_SetConfig                     0x08002344   Section        0  stm32f1xx_hal_tim.o(i.TIM_Base_SetConfig)
    i.TIM_ETR_SetConfig                      0x080023d0   Section        0  stm32f1xx_hal_tim.o(i.TIM_ETR_SetConfig)
    TIM_ETR_SetConfig                        0x080023d1   Thumb Code    20  stm32f1xx_hal_tim.o(i.TIM_ETR_SetConfig)
    i.TIM_ITRx_SetConfig                     0x080023e4   Section        0  stm32f1xx_hal_tim.o(i.TIM_ITRx_SetConfig)
    TIM_ITRx_SetConfig                       0x080023e5   Thumb Code    16  stm32f1xx_hal_tim.o(i.TIM_ITRx_SetConfig)
    i.TIM_TI1_ConfigInputStage               0x080023f4   Section        0  stm32f1xx_hal_tim.o(i.TIM_TI1_ConfigInputStage)
    TIM_TI1_ConfigInputStage                 0x080023f5   Thumb Code    34  stm32f1xx_hal_tim.o(i.TIM_TI1_ConfigInputStage)
    i.TIM_TI2_ConfigInputStage               0x08002416   Section        0  stm32f1xx_hal_tim.o(i.TIM_TI2_ConfigInputStage)
    TIM_TI2_ConfigInputStage                 0x08002417   Thumb Code    36  stm32f1xx_hal_tim.o(i.TIM_TI2_ConfigInputStage)
    i.UART_DMAAbortOnError                   0x0800243a   Section        0  stm32f1xx_hal_uart.o(i.UART_DMAAbortOnError)
    UART_DMAAbortOnError                     0x0800243b   Thumb Code    16  stm32f1xx_hal_uart.o(i.UART_DMAAbortOnError)
    i.UART_DMAError                          0x0800244a   Section        0  stm32f1xx_hal_uart.o(i.UART_DMAError)
    UART_DMAError                            0x0800244b   Thumb Code    74  stm32f1xx_hal_uart.o(i.UART_DMAError)
    i.UART_DMAReceiveCplt                    0x08002494   Section        0  stm32f1xx_hal_uart.o(i.UART_DMAReceiveCplt)
    UART_DMAReceiveCplt                      0x08002495   Thumb Code    60  stm32f1xx_hal_uart.o(i.UART_DMAReceiveCplt)
    i.UART_DMARxHalfCplt                     0x080024d0   Section        0  stm32f1xx_hal_uart.o(i.UART_DMARxHalfCplt)
    UART_DMARxHalfCplt                       0x080024d1   Thumb Code    10  stm32f1xx_hal_uart.o(i.UART_DMARxHalfCplt)
    i.UART_EndRxTransfer                     0x080024da   Section        0  stm32f1xx_hal_uart.o(i.UART_EndRxTransfer)
    UART_EndRxTransfer                       0x080024db   Thumb Code    28  stm32f1xx_hal_uart.o(i.UART_EndRxTransfer)
    i.UART_EndTxTransfer                     0x080024f6   Section        0  stm32f1xx_hal_uart.o(i.UART_EndTxTransfer)
    UART_EndTxTransfer                       0x080024f7   Thumb Code    18  stm32f1xx_hal_uart.o(i.UART_EndTxTransfer)
    i.UART_Receive_IT                        0x08002508   Section        0  stm32f1xx_hal_uart.o(i.UART_Receive_IT)
    UART_Receive_IT                          0x08002509   Thumb Code   150  stm32f1xx_hal_uart.o(i.UART_Receive_IT)
    i.UART_SetConfig                         0x080025a0   Section        0  stm32f1xx_hal_uart.o(i.UART_SetConfig)
    UART_SetConfig                           0x080025a1   Thumb Code   364  stm32f1xx_hal_uart.o(i.UART_SetConfig)
    i.UART_Transmit_IT                       0x08002710   Section        0  stm32f1xx_hal_uart.o(i.UART_Transmit_IT)
    UART_Transmit_IT                         0x08002711   Thumb Code    98  stm32f1xx_hal_uart.o(i.UART_Transmit_IT)
    i.UART_WaitOnFlagUntilTimeout            0x08002772   Section        0  stm32f1xx_hal_uart.o(i.UART_WaitOnFlagUntilTimeout)
    UART_WaitOnFlagUntilTimeout              0x08002773   Thumb Code   100  stm32f1xx_hal_uart.o(i.UART_WaitOnFlagUntilTimeout)
    i.USART1_IRQHandler                      0x080027d8   Section        0  stm32f1xx_it.o(i.USART1_IRQHandler)
    i.USART2_IRQHandler                      0x08002934   Section        0  stm32f1xx_it.o(i.USART2_IRQHandler)
    i.USART3_IRQHandler                      0x0800294c   Section        0  stm32f1xx_it.o(i.USART3_IRQHandler)
    i.UsageFault_Handler                     0x08002964   Section        0  stm32f1xx_it.o(i.UsageFault_Handler)
    i._Error_Handler                         0x08002966   Section        0  main.o(i._Error_Handler)
    i.__0printf$6                            0x08002968   Section        0  printf6.o(i.__0printf$6)
    i.__scatterload_copy                     0x08002988   Section       14  handlers.o(i.__scatterload_copy)
    i.__scatterload_null                     0x08002996   Section        2  handlers.o(i.__scatterload_null)
    i.__scatterload_zeroinit                 0x08002998   Section       14  handlers.o(i.__scatterload_zeroinit)
    i._printf_core                           0x080029a8   Section        0  printf6.o(i._printf_core)
    _printf_core                             0x080029a9   Thumb Code   748  printf6.o(i._printf_core)
    i._printf_post_padding                   0x08002c98   Section        0  printf6.o(i._printf_post_padding)
    _printf_post_padding                     0x08002c99   Thumb Code    36  printf6.o(i._printf_post_padding)
    i._printf_pre_padding                    0x08002cbc   Section        0  printf6.o(i._printf_pre_padding)
    _printf_pre_padding                      0x08002cbd   Thumb Code    46  printf6.o(i._printf_pre_padding)
    i.bsp_CLearAutoRegisterFloorInfo         0x08002cec   Section        0  bsp_rs485x.o(i.bsp_CLearAutoRegisterFloorInfo)
    i.bsp_ClearAllRegisterFloorInfo          0x08002d10   Section        0  bsp_rs485x.o(i.bsp_ClearAllRegisterFloorInfo)
    i.bsp_RS485A_AckCmd                      0x08002d28   Section        0  bsp_rs485x.o(i.bsp_RS485A_AckCmd)
    i.bsp_RS485A_Init                        0x08002d54   Section        0  bsp_rs485x.o(i.bsp_RS485A_Init)
    i.bsp_RS485A_PrashData                   0x08002d84   Section        0  bsp_rs485x.o(i.bsp_RS485A_PrashData)
    i.bsp_RS485A_Receive_IDLE                0x080035d4   Section        0  bsp_rs485x.o(i.bsp_RS485A_Receive_IDLE)
    i.bsp_RS485A_SendData                    0x0800361c   Section        0  bsp_rs485x.o(i.bsp_RS485A_SendData)
    i.bsp_RS485B_AckCmd                      0x08003630   Section        0  bsp_rs485x.o(i.bsp_RS485B_AckCmd)
    i.bsp_RS485B_Init                        0x08003678   Section        0  bsp_rs485x.o(i.bsp_RS485B_Init)
    i.bsp_RS485B_PrashData                   0x08003698   Section        0  bsp_rs485x.o(i.bsp_RS485B_PrashData)
    i.bsp_RS485B_Receive_IDLE                0x08003868   Section        0  bsp_rs485x.o(i.bsp_RS485B_Receive_IDLE)
    i.bsp_RS485B_SendData                    0x080038b0   Section        0  bsp_rs485x.o(i.bsp_RS485B_SendData)
    i.bsp_RS485C_Init                        0x080038c4   Section        0  bsp_rs485x.o(i.bsp_RS485C_Init)
    i.bsp_RS485C_SendData                    0x080038d8   Section        0  bsp_rs485x.o(i.bsp_RS485C_SendData)
    i.bsp_RS485xVar_Init                     0x080038ec   Section        0  bsp_rs485x.o(i.bsp_RS485xVar_Init)
    i.bsp_gpioControlGetAddr                 0x080038f0   Section        0  bsp_gpiocontrol.o(i.bsp_gpioControlGetAddr)
    i.bsp_gpioControlGetCodeSendingTime      0x08003918   Section        0  bsp_gpiocontrol.o(i.bsp_gpioControlGetCodeSendingTime)
    i.bsp_gpioControlGetFloorOffset          0x08003944   Section        0  bsp_gpiocontrol.o(i.bsp_gpioControlGetFloorOffset)
    i.bsp_gpioControlGetGroupNumber          0x0800397c   Section        0  bsp_gpiocontrol.o(i.bsp_gpioControlGetGroupNumber)
    i.bsp_gpioControlGetMachineNumber        0x080039a8   Section        0  bsp_gpiocontrol.o(i.bsp_gpioControlGetMachineNumber)
    i.bsp_gpioControlGetNagitaveFloorOffset  0x080039d0   Section        0  bsp_gpiocontrol.o(i.bsp_gpioControlGetNagitaveFloorOffset)
    i.bsp_gpioControlGetRS485CSendGateTypeFlag 0x08003a0c   Section        0  bsp_gpiocontrol.o(i.bsp_gpioControlGetRS485CSendGateTypeFlag)
    i.bsp_gpioControlGetSW45Data             0x08003a3c   Section        0  bsp_gpiocontrol.o(i.bsp_gpioControlGetSW45Data)
    i.bsp_gpioControl_Init                   0x08003d88   Section        0  bsp_gpiocontrol.o(i.bsp_gpioControl_Init)
    i.fputc                                  0x080040f8   Section        0  main.o(i.fputc)
    i.getSUMCode                             0x08004114   Section        0  bsp_rs485x.o(i.getSUMCode)
    getSUMCode                               0x08004115   Thumb Code    26  bsp_rs485x.o(i.getSUMCode)
    i.getXORCode                             0x0800412e   Section        0  stm32f1xx_it.o(i.getXORCode)
    getXORCode                               0x0800412f   Thumb Code    24  stm32f1xx_it.o(i.getXORCode)
    i.getXORCode                             0x08004146   Section        0  bsp_rs485x.o(i.getXORCode)
    getXORCode                               0x08004147   Thumb Code    24  bsp_rs485x.o(i.getXORCode)
    i.main                                   0x08004160   Section        0  main.o(i.main)
    .constdata                               0x0800429c   Section       16  system_stm32f1xx.o(.constdata)
    .constdata                               0x080042ac   Section        8  system_stm32f1xx.o(.constdata)
    .data                                    0x20000000   Section        4  system_stm32f1xx.o(.data)
    .data                                    0x20000004   Section       12  stm32f1xx_hal.o(.data)
    .data                                    0x20000010   Section        8  main.o(.data)
    .data                                    0x20000018   Section        4  stm32f1xx_it.o(.data)
    .data                                    0x2000001c   Section       10  bsp_rs485x.o(.data)
    .data                                    0x20000026   Section        1  bsp_rs485x.o(.data)
    .data                                    0x20000028   Section       16  bsp_gpiocontrol.o(.data)
    .data                                    0x20000038   Section        4  stdout.o(.data)
    .bss                                     0x20000040   Section       32  stm32f1xx_hal_flash.o(.bss)
    .bss                                     0x20000060   Section      256  stm32f1xx_it.o(.bss)
    .bss                                     0x20000160   Section      328  usart.o(.bss)
    .bss                                     0x200002a8   Section      192  tim.o(.bss)
    .bss                                     0x20000368   Section     1629  bsp_rs485x.o(.bss)
    STACK                                    0x200009c8   Section     1024  startup_stm32f103xe.o(STACK)

    Global Symbols

    Symbol Name                              Value     Ov Type        Size  Object(Section)

    BuildAttributes$$THM_ISAv4$P$D$K$B$S$PE$A:L22UL41UL21$X:L11$S22US41US21$IEEE1$IW$USESV6$~STKCKD$USESV7$~SHL$OSPACE$ROPI$EBA8$MICROLIB$REQ8$PRES8$EABIv2 0x00000000   Number         0  anon$$obj.o ABSOLUTE
    __ARM_use_no_argv                        0x00000000   Number         0  main.o ABSOLUTE
    _printf_a                                0x00000000   Number         0  stubs.o ABSOLUTE
    _printf_c                                0x00000000   Number         0  stubs.o ABSOLUTE
    _printf_charcount                        0x00000000   Number         0  stubs.o ABSOLUTE
    _printf_d                                0x00000000   Number         0  stubs.o ABSOLUTE
    _printf_e                                0x00000000   Number         0  stubs.o ABSOLUTE
    _printf_f                                0x00000000   Number         0  stubs.o ABSOLUTE
    _printf_flags                            0x00000000   Number         0  stubs.o ABSOLUTE
    _printf_fp_dec                           0x00000000   Number         0  stubs.o ABSOLUTE
    _printf_fp_hex                           0x00000000   Number         0  stubs.o ABSOLUTE
    _printf_g                                0x00000000   Number         0  stubs.o ABSOLUTE
    _printf_i                                0x00000000   Number         0  stubs.o ABSOLUTE
    _printf_int_dec                          0x00000000   Number         0  stubs.o ABSOLUTE
    _printf_l                                0x00000000   Number         0  stubs.o ABSOLUTE
    _printf_lc                               0x00000000   Number         0  stubs.o ABSOLUTE
    _printf_ll                               0x00000000   Number         0  stubs.o ABSOLUTE
    _printf_lld                              0x00000000   Number         0  stubs.o ABSOLUTE
    _printf_lli                              0x00000000   Number         0  stubs.o ABSOLUTE
    _printf_llo                              0x00000000   Number         0  stubs.o ABSOLUTE
    _printf_llu                              0x00000000   Number         0  stubs.o ABSOLUTE
    _printf_llx                              0x00000000   Number         0  stubs.o ABSOLUTE
    _printf_longlong_dec                     0x00000000   Number         0  stubs.o ABSOLUTE
    _printf_longlong_hex                     0x00000000   Number         0  stubs.o ABSOLUTE
    _printf_longlong_oct                     0x00000000   Number         0  stubs.o ABSOLUTE
    _printf_ls                               0x00000000   Number         0  stubs.o ABSOLUTE
    _printf_mbtowc                           0x00000000   Number         0  stubs.o ABSOLUTE
    _printf_n                                0x00000000   Number         0  stubs.o ABSOLUTE
    _printf_o                                0x00000000   Number         0  stubs.o ABSOLUTE
    _printf_p                                0x00000000   Number         0  stubs.o ABSOLUTE
    _printf_percent                          0x00000000   Number         0  stubs.o ABSOLUTE
    _printf_pre_padding                      0x00000000   Number         0  stubs.o ABSOLUTE
    _printf_return_value                     0x00000000   Number         0  stubs.o ABSOLUTE
    _printf_s                                0x00000000   Number         0  stubs.o ABSOLUTE
    _printf_sizespec                         0x00000000   Number         0  stubs.o ABSOLUTE
    _printf_str                              0x00000000   Number         0  stubs.o ABSOLUTE
    _printf_truncate_signed                  0x00000000   Number         0  stubs.o ABSOLUTE
    _printf_truncate_unsigned                0x00000000   Number         0  stubs.o ABSOLUTE
    _printf_u                                0x00000000   Number         0  stubs.o ABSOLUTE
    _printf_wc                               0x00000000   Number         0  stubs.o ABSOLUTE
    _printf_wctomb                           0x00000000   Number         0  stubs.o ABSOLUTE
    _printf_widthprec                        0x00000000   Number         0  stubs.o ABSOLUTE
    _printf_x                                0x00000000   Number         0  stubs.o ABSOLUTE
    __cpp_initialize__aeabi_                  - Undefined Weak Reference
    __cxa_finalize                            - Undefined Weak Reference
    __decompress                              - Undefined Weak Reference
    _clock_init                               - Undefined Weak Reference
    _microlib_exit                            - Undefined Weak Reference
    __Vectors_Size                           0x00000130   Number         0  startup_stm32f103xe.o ABSOLUTE
    __Vectors                                0x08000000   Data           4  startup_stm32f103xe.o(RESET)
    __Vectors_End                            0x08000130   Data           0  startup_stm32f103xe.o(RESET)
    __main                                   0x08000131   Thumb Code     0  entry.o(.ARM.Collect$$$$00000000)
    _main_stk                                0x08000131   Thumb Code     0  entry2.o(.ARM.Collect$$$$00000001)
    _main_scatterload                        0x08000135   Thumb Code     0  entry5.o(.ARM.Collect$$$$00000004)
    __main_after_scatterload                 0x08000139   Thumb Code     0  entry5.o(.ARM.Collect$$$$00000004)
    _main_clock                              0x08000139   Thumb Code     0  entry7b.o(.ARM.Collect$$$$00000008)
    _main_cpp_init                           0x08000139   Thumb Code     0  entry8b.o(.ARM.Collect$$$$0000000A)
    _main_init                               0x08000139   Thumb Code     0  entry9a.o(.ARM.Collect$$$$0000000B)
    __rt_final_cpp                           0x08000141   Thumb Code     0  entry10a.o(.ARM.Collect$$$$0000000D)
    __rt_final_exit                          0x08000141   Thumb Code     0  entry11a.o(.ARM.Collect$$$$0000000F)
    Reset_Handler                            0x08000145   Thumb Code     8  startup_stm32f103xe.o(.text)
    ADC1_2_IRQHandler                        0x0800015f   Thumb Code     0  startup_stm32f103xe.o(.text)
    ADC3_IRQHandler                          0x0800015f   Thumb Code     0  startup_stm32f103xe.o(.text)
    CAN1_RX1_IRQHandler                      0x0800015f   Thumb Code     0  startup_stm32f103xe.o(.text)
    CAN1_SCE_IRQHandler                      0x0800015f   Thumb Code     0  startup_stm32f103xe.o(.text)
    DMA1_Channel1_IRQHandler                 0x0800015f   Thumb Code     0  startup_stm32f103xe.o(.text)
    DMA1_Channel2_IRQHandler                 0x0800015f   Thumb Code     0  startup_stm32f103xe.o(.text)
    DMA1_Channel4_IRQHandler                 0x0800015f   Thumb Code     0  startup_stm32f103xe.o(.text)
    DMA1_Channel5_IRQHandler                 0x0800015f   Thumb Code     0  startup_stm32f103xe.o(.text)
    DMA1_Channel7_IRQHandler                 0x0800015f   Thumb Code     0  startup_stm32f103xe.o(.text)
    DMA2_Channel1_IRQHandler                 0x0800015f   Thumb Code     0  startup_stm32f103xe.o(.text)
    DMA2_Channel2_IRQHandler                 0x0800015f   Thumb Code     0  startup_stm32f103xe.o(.text)
    DMA2_Channel3_IRQHandler                 0x0800015f   Thumb Code     0  startup_stm32f103xe.o(.text)
    DMA2_Channel4_5_IRQHandler               0x0800015f   Thumb Code     0  startup_stm32f103xe.o(.text)
    EXTI0_IRQHandler                         0x0800015f   Thumb Code     0  startup_stm32f103xe.o(.text)
    EXTI15_10_IRQHandler                     0x0800015f   Thumb Code     0  startup_stm32f103xe.o(.text)
    EXTI1_IRQHandler                         0x0800015f   Thumb Code     0  startup_stm32f103xe.o(.text)
    EXTI2_IRQHandler                         0x0800015f   Thumb Code     0  startup_stm32f103xe.o(.text)
    EXTI3_IRQHandler                         0x0800015f   Thumb Code     0  startup_stm32f103xe.o(.text)
    EXTI4_IRQHandler                         0x0800015f   Thumb Code     0  startup_stm32f103xe.o(.text)
    EXTI9_5_IRQHandler                       0x0800015f   Thumb Code     0  startup_stm32f103xe.o(.text)
    FLASH_IRQHandler                         0x0800015f   Thumb Code     0  startup_stm32f103xe.o(.text)
    FSMC_IRQHandler                          0x0800015f   Thumb Code     0  startup_stm32f103xe.o(.text)
    I2C1_ER_IRQHandler                       0x0800015f   Thumb Code     0  startup_stm32f103xe.o(.text)
    I2C1_EV_IRQHandler                       0x0800015f   Thumb Code     0  startup_stm32f103xe.o(.text)
    I2C2_ER_IRQHandler                       0x0800015f   Thumb Code     0  startup_stm32f103xe.o(.text)
    I2C2_EV_IRQHandler                       0x0800015f   Thumb Code     0  startup_stm32f103xe.o(.text)
    PVD_IRQHandler                           0x0800015f   Thumb Code     0  startup_stm32f103xe.o(.text)
    RCC_IRQHandler                           0x0800015f   Thumb Code     0  startup_stm32f103xe.o(.text)
    RTC_Alarm_IRQHandler                     0x0800015f   Thumb Code     0  startup_stm32f103xe.o(.text)
    RTC_IRQHandler                           0x0800015f   Thumb Code     0  startup_stm32f103xe.o(.text)
    SDIO_IRQHandler                          0x0800015f   Thumb Code     0  startup_stm32f103xe.o(.text)
    SPI1_IRQHandler                          0x0800015f   Thumb Code     0  startup_stm32f103xe.o(.text)
    SPI2_IRQHandler                          0x0800015f   Thumb Code     0  startup_stm32f103xe.o(.text)
    SPI3_IRQHandler                          0x0800015f   Thumb Code     0  startup_stm32f103xe.o(.text)
    TAMPER_IRQHandler                        0x0800015f   Thumb Code     0  startup_stm32f103xe.o(.text)
    TIM1_BRK_IRQHandler                      0x0800015f   Thumb Code     0  startup_stm32f103xe.o(.text)
    TIM1_CC_IRQHandler                       0x0800015f   Thumb Code     0  startup_stm32f103xe.o(.text)
    TIM1_TRG_COM_IRQHandler                  0x0800015f   Thumb Code     0  startup_stm32f103xe.o(.text)
    TIM1_UP_IRQHandler                       0x0800015f   Thumb Code     0  startup_stm32f103xe.o(.text)
    TIM2_IRQHandler                          0x0800015f   Thumb Code     0  startup_stm32f103xe.o(.text)
    TIM6_IRQHandler                          0x0800015f   Thumb Code     0  startup_stm32f103xe.o(.text)
    TIM7_IRQHandler                          0x0800015f   Thumb Code     0  startup_stm32f103xe.o(.text)
    TIM8_BRK_IRQHandler                      0x0800015f   Thumb Code     0  startup_stm32f103xe.o(.text)
    TIM8_CC_IRQHandler                       0x0800015f   Thumb Code     0  startup_stm32f103xe.o(.text)
    TIM8_TRG_COM_IRQHandler                  0x0800015f   Thumb Code     0  startup_stm32f103xe.o(.text)
    TIM8_UP_IRQHandler                       0x0800015f   Thumb Code     0  startup_stm32f103xe.o(.text)
    UART4_IRQHandler                         0x0800015f   Thumb Code     0  startup_stm32f103xe.o(.text)
    UART5_IRQHandler                         0x0800015f   Thumb Code     0  startup_stm32f103xe.o(.text)
    USBWakeUp_IRQHandler                     0x0800015f   Thumb Code     0  startup_stm32f103xe.o(.text)
    USB_HP_CAN1_TX_IRQHandler                0x0800015f   Thumb Code     0  startup_stm32f103xe.o(.text)
    USB_LP_CAN1_RX0_IRQHandler               0x0800015f   Thumb Code     0  startup_stm32f103xe.o(.text)
    WWDG_IRQHandler                          0x0800015f   Thumb Code     0  startup_stm32f103xe.o(.text)
    __aeabi_uidiv                            0x08000169   Thumb Code     0  uidiv.o(.text)
    __aeabi_uidivmod                         0x08000169   Thumb Code    44  uidiv.o(.text)
    __scatterload                            0x08000195   Thumb Code    28  init.o(.text)
    __scatterload_rt2                        0x08000195   Thumb Code     0  init.o(.text)
    BusFault_Handler                         0x080001b9   Thumb Code     2  stm32f1xx_it.o(i.BusFault_Handler)
    DMA1_Channel3_IRQHandler                 0x080001bd   Thumb Code     6  stm32f1xx_it.o(i.DMA1_Channel3_IRQHandler)
    DMA1_Channel6_IRQHandler                 0x080001c9   Thumb Code     6  stm32f1xx_it.o(i.DMA1_Channel6_IRQHandler)
    DebugMon_Handler                         0x080001ff   Thumb Code     2  stm32f1xx_it.o(i.DebugMon_Handler)
    FLASH_WaitForLastOperation               0x08000439   Thumb Code    80  stm32f1xx_hal_flash.o(i.FLASH_WaitForLastOperation)
    HAL_DMA_Abort                            0x0800048d   Thumb Code    48  stm32f1xx_hal_dma.o(i.HAL_DMA_Abort)
    HAL_DMA_Abort_IT                         0x080004bd   Thumb Code   296  stm32f1xx_hal_dma.o(i.HAL_DMA_Abort_IT)
    HAL_DMA_IRQHandler                       0x080005ed   Thumb Code   552  stm32f1xx_hal_dma.o(i.HAL_DMA_IRQHandler)
    HAL_DMA_Init                             0x08000835   Thumb Code   120  stm32f1xx_hal_dma.o(i.HAL_DMA_Init)
    HAL_DMA_Start_IT                         0x080008b9   Thumb Code   112  stm32f1xx_hal_dma.o(i.HAL_DMA_Start_IT)
    HAL_FLASHEx_OBErase                      0x08000929   Thumb Code    74  stm32f1xx_hal_flash_ex.o(i.HAL_FLASHEx_OBErase)
    HAL_FLASHEx_OBGetConfig                  0x0800097d   Thumb Code    30  stm32f1xx_hal_flash_ex.o(i.HAL_FLASHEx_OBGetConfig)
    HAL_FLASHEx_OBGetUserData                0x080009a1   Thumb Code    22  stm32f1xx_hal_flash_ex.o(i.HAL_FLASHEx_OBGetUserData)
    HAL_FLASHEx_OBProgram                    0x080009c1   Thumb Code   186  stm32f1xx_hal_flash_ex.o(i.HAL_FLASHEx_OBProgram)
    HAL_FLASH_Lock                           0x08000a89   Thumb Code    14  stm32f1xx_hal_flash.o(i.HAL_FLASH_Lock)
    HAL_FLASH_OB_Lock                        0x08000a9d   Thumb Code    14  stm32f1xx_hal_flash.o(i.HAL_FLASH_OB_Lock)
    HAL_FLASH_OB_Unlock                      0x08000ab1   Thumb Code    24  stm32f1xx_hal_flash.o(i.HAL_FLASH_OB_Unlock)
    HAL_FLASH_Unlock                         0x08000ad5   Thumb Code    28  stm32f1xx_hal_flash.o(i.HAL_FLASH_Unlock)
    HAL_GPIO_Init                            0x08000afd   Thumb Code   446  stm32f1xx_hal_gpio.o(i.HAL_GPIO_Init)
    HAL_GPIO_ReadPin                         0x08000ce5   Thumb Code    10  stm32f1xx_hal_gpio.o(i.HAL_GPIO_ReadPin)
    HAL_GPIO_WritePin                        0x08000cef   Thumb Code    10  stm32f1xx_hal_gpio.o(i.HAL_GPIO_WritePin)
    HAL_GetTick                              0x08000cf9   Thumb Code     6  stm32f1xx_hal.o(i.HAL_GetTick)
    HAL_IncTick                              0x08000d05   Thumb Code    12  stm32f1xx_hal.o(i.HAL_IncTick)
    HAL_Init                                 0x08000d15   Thumb Code    32  stm32f1xx_hal.o(i.HAL_Init)
    HAL_InitTick                             0x08000d39   Thumb Code    54  stm32f1xx_hal.o(i.HAL_InitTick)
    HAL_MspInit                              0x08000d79   Thumb Code   118  stm32f1xx_hal_msp.o(i.HAL_MspInit)
    HAL_NVIC_EnableIRQ                       0x08000df9   Thumb Code    22  stm32f1xx_hal_cortex.o(i.HAL_NVIC_EnableIRQ)
    HAL_NVIC_SetPriority                     0x08000e11   Thumb Code    60  stm32f1xx_hal_cortex.o(i.HAL_NVIC_SetPriority)
    HAL_NVIC_SetPriorityGrouping             0x08000e51   Thumb Code    26  stm32f1xx_hal_cortex.o(i.HAL_NVIC_SetPriorityGrouping)
    HAL_RCC_ClockConfig                      0x08000e75   Thumb Code   322  stm32f1xx_hal_rcc.o(i.HAL_RCC_ClockConfig)
    HAL_RCC_GetHCLKFreq                      0x08000fc9   Thumb Code     6  stm32f1xx_hal_rcc.o(i.HAL_RCC_GetHCLKFreq)
    HAL_RCC_GetPCLK1Freq                     0x08000fd5   Thumb Code    20  stm32f1xx_hal_rcc.o(i.HAL_RCC_GetPCLK1Freq)
    HAL_RCC_GetPCLK2Freq                     0x08000ff5   Thumb Code    20  stm32f1xx_hal_rcc.o(i.HAL_RCC_GetPCLK2Freq)
    HAL_RCC_GetSysClockFreq                  0x08001015   Thumb Code    74  stm32f1xx_hal_rcc.o(i.HAL_RCC_GetSysClockFreq)
    HAL_RCC_OscConfig                        0x08001081   Thumb Code   750  stm32f1xx_hal_rcc.o(i.HAL_RCC_OscConfig)
    HAL_SYSTICK_CLKSourceConfig              0x08001385   Thumb Code    24  stm32f1xx_hal_cortex.o(i.HAL_SYSTICK_CLKSourceConfig)
    HAL_SYSTICK_Callback                     0x0800139d   Thumb Code     2  stm32f1xx_hal_cortex.o(i.HAL_SYSTICK_Callback)
    HAL_SYSTICK_Config                       0x0800139f   Thumb Code    40  stm32f1xx_hal_cortex.o(i.HAL_SYSTICK_Config)
    HAL_SYSTICK_IRQHandler                   0x080013c7   Thumb Code     8  stm32f1xx_hal_cortex.o(i.HAL_SYSTICK_IRQHandler)
    HAL_TIMEx_BreakCallback                  0x080013cf   Thumb Code     2  stm32f1xx_hal_tim_ex.o(i.HAL_TIMEx_BreakCallback)
    HAL_TIMEx_CommutationCallback            0x080013d1   Thumb Code     2  stm32f1xx_hal_tim_ex.o(i.HAL_TIMEx_CommutationCallback)
    HAL_TIMEx_MasterConfigSynchronization    0x080013d3   Thumb Code    80  stm32f1xx_hal_tim_ex.o(i.HAL_TIMEx_MasterConfigSynchronization)
    HAL_TIM_Base_Init                        0x08001423   Thumb Code    54  stm32f1xx_hal_tim.o(i.HAL_TIM_Base_Init)
    HAL_TIM_Base_MspInit                     0x08001459   Thumb Code    74  tim.o(i.HAL_TIM_Base_MspInit)
    HAL_TIM_Base_Start_IT                    0x080014b5   Thumb Code    24  stm32f1xx_hal_tim.o(i.HAL_TIM_Base_Start_IT)
    HAL_TIM_ConfigClockSource                0x080014cd   Thumb Code   242  stm32f1xx_hal_tim.o(i.HAL_TIM_ConfigClockSource)
    HAL_TIM_IC_CaptureCallback               0x080015bf   Thumb Code     2  stm32f1xx_hal_tim.o(i.HAL_TIM_IC_CaptureCallback)
    HAL_TIM_IRQHandler                       0x080015c1   Thumb Code   358  stm32f1xx_hal_tim.o(i.HAL_TIM_IRQHandler)
    HAL_TIM_OC_DelayElapsedCallback          0x08001727   Thumb Code     2  stm32f1xx_hal_tim.o(i.HAL_TIM_OC_DelayElapsedCallback)
    HAL_TIM_PWM_PulseFinishedCallback        0x08001729   Thumb Code     2  stm32f1xx_hal_tim.o(i.HAL_TIM_PWM_PulseFinishedCallback)
    HAL_TIM_PeriodElapsedCallback            0x0800172d   Thumb Code   544  main.o(i.HAL_TIM_PeriodElapsedCallback)
    HAL_TIM_TriggerCallback                  0x08001991   Thumb Code     2  stm32f1xx_hal_tim.o(i.HAL_TIM_TriggerCallback)
    HAL_UART_DMAStop                         0x08001993   Thumb Code    88  stm32f1xx_hal_uart.o(i.HAL_UART_DMAStop)
    HAL_UART_ErrorCallback                   0x080019eb   Thumb Code     2  stm32f1xx_hal_uart.o(i.HAL_UART_ErrorCallback)
    HAL_UART_IRQHandler                      0x080019ed   Thumb Code   266  stm32f1xx_hal_uart.o(i.HAL_UART_IRQHandler)
    HAL_UART_Init                            0x08001afd   Thumb Code    98  stm32f1xx_hal_uart.o(i.HAL_UART_Init)
    HAL_UART_MspInit                         0x08001b61   Thumb Code   310  usart.o(i.HAL_UART_MspInit)
    HAL_UART_Receive_DMA                     0x08001ccd   Thumb Code   138  stm32f1xx_hal_uart.o(i.HAL_UART_Receive_DMA)
    HAL_UART_RxCpltCallback                  0x08001d65   Thumb Code     2  stm32f1xx_hal_uart.o(i.HAL_UART_RxCpltCallback)
    HAL_UART_RxHalfCpltCallback              0x08001d67   Thumb Code     2  stm32f1xx_hal_uart.o(i.HAL_UART_RxHalfCpltCallback)
    HAL_UART_Transmit                        0x08001d69   Thumb Code   186  stm32f1xx_hal_uart.o(i.HAL_UART_Transmit)
    HAL_UART_TxCpltCallback                  0x08001e23   Thumb Code     2  stm32f1xx_hal_uart.o(i.HAL_UART_TxCpltCallback)
    HardFault_Handler                        0x08001e25   Thumb Code     2  stm32f1xx_it.o(i.HardFault_Handler)
    MX_DMA_Init                              0x08001e29   Thumb Code    22  dma.o(i.MX_DMA_Init)
    MX_GPIO_Init                             0x08001e45   Thumb Code   262  gpio.o(i.MX_GPIO_Init)
    MX_TIM3_Init                             0x08001fed   Thumb Code    98  tim.o(i.MX_TIM3_Init)
    MX_TIM4_Init                             0x08002069   Thumb Code    98  tim.o(i.MX_TIM4_Init)
    MX_TIM5_Init                             0x080020e5   Thumb Code    90  tim.o(i.MX_TIM5_Init)
    MX_USART1_UART_Init                      0x08002159   Thumb Code    52  usart.o(i.MX_USART1_UART_Init)
    MX_USART2_UART_Init                      0x080021a5   Thumb Code    52  usart.o(i.MX_USART2_UART_Init)
    MX_USART3_UART_Init                      0x080021f1   Thumb Code    52  usart.o(i.MX_USART3_UART_Init)
    MemManage_Handler                        0x0800223d   Thumb Code     2  stm32f1xx_it.o(i.MemManage_Handler)
    NMI_Handler                              0x0800223f   Thumb Code     2  stm32f1xx_it.o(i.NMI_Handler)
    PendSV_Handler                           0x08002261   Thumb Code     2  stm32f1xx_it.o(i.PendSV_Handler)
    SVC_Handler                              0x08002263   Thumb Code     2  stm32f1xx_it.o(i.SVC_Handler)
    SysTick_Handler                          0x08002265   Thumb Code    14  stm32f1xx_it.o(i.SysTick_Handler)
    SystemClock_Config                       0x08002273   Thumb Code   102  main.o(i.SystemClock_Config)
    SystemInit                               0x080022d9   Thumb Code    56  system_stm32f1xx.o(i.SystemInit)
    TIM3_IRQHandler                          0x08002321   Thumb Code     6  stm32f1xx_it.o(i.TIM3_IRQHandler)
    TIM4_IRQHandler                          0x0800232d   Thumb Code     6  stm32f1xx_it.o(i.TIM4_IRQHandler)
    TIM5_IRQHandler                          0x08002339   Thumb Code     6  stm32f1xx_it.o(i.TIM5_IRQHandler)
    TIM_Base_SetConfig                       0x08002345   Thumb Code   120  stm32f1xx_hal_tim.o(i.TIM_Base_SetConfig)
    USART1_IRQHandler                        0x080027d9   Thumb Code   296  stm32f1xx_it.o(i.USART1_IRQHandler)
    USART2_IRQHandler                        0x08002935   Thumb Code    18  stm32f1xx_it.o(i.USART2_IRQHandler)
    USART3_IRQHandler                        0x0800294d   Thumb Code    18  stm32f1xx_it.o(i.USART3_IRQHandler)
    UsageFault_Handler                       0x08002965   Thumb Code     2  stm32f1xx_it.o(i.UsageFault_Handler)
    _Error_Handler                           0x08002967   Thumb Code     2  main.o(i._Error_Handler)
    __0printf$6                              0x08002969   Thumb Code    22  printf6.o(i.__0printf$6)
    __1printf$6                              0x08002969   Thumb Code     0  printf6.o(i.__0printf$6)
    __2printf                                0x08002969   Thumb Code     0  printf6.o(i.__0printf$6)
    __scatterload_copy                       0x08002989   Thumb Code    14  handlers.o(i.__scatterload_copy)
    __scatterload_null                       0x08002997   Thumb Code     2  handlers.o(i.__scatterload_null)
    __scatterload_zeroinit                   0x08002999   Thumb Code    14  handlers.o(i.__scatterload_zeroinit)
    bsp_CLearAutoRegisterFloorInfo           0x08002ced   Thumb Code    30  bsp_rs485x.o(i.bsp_CLearAutoRegisterFloorInfo)
    bsp_ClearAllRegisterFloorInfo            0x08002d11   Thumb Code    20  bsp_rs485x.o(i.bsp_ClearAllRegisterFloorInfo)
    bsp_RS485A_AckCmd                        0x08002d29   Thumb Code    42  bsp_rs485x.o(i.bsp_RS485A_AckCmd)
    bsp_RS485A_Init                          0x08002d55   Thumb Code    34  bsp_rs485x.o(i.bsp_RS485A_Init)
    bsp_RS485A_PrashData                     0x08002d85   Thumb Code  2096  bsp_rs485x.o(i.bsp_RS485A_PrashData)
    bsp_RS485A_Receive_IDLE                  0x080035d5   Thumb Code    62  bsp_rs485x.o(i.bsp_RS485A_Receive_IDLE)
    bsp_RS485A_SendData                      0x0800361d   Thumb Code    14  bsp_rs485x.o(i.bsp_RS485A_SendData)
    bsp_RS485B_AckCmd                        0x08003631   Thumb Code    72  bsp_rs485x.o(i.bsp_RS485B_AckCmd)
    bsp_RS485B_Init                          0x08003679   Thumb Code    24  bsp_rs485x.o(i.bsp_RS485B_Init)
    bsp_RS485B_PrashData                     0x08003699   Thumb Code   448  bsp_rs485x.o(i.bsp_RS485B_PrashData)
    bsp_RS485B_Receive_IDLE                  0x08003869   Thumb Code    62  bsp_rs485x.o(i.bsp_RS485B_Receive_IDLE)
    bsp_RS485B_SendData                      0x080038b1   Thumb Code    14  bsp_rs485x.o(i.bsp_RS485B_SendData)
    bsp_RS485C_Init                          0x080038c5   Thumb Code    14  bsp_rs485x.o(i.bsp_RS485C_Init)
    bsp_RS485C_SendData                      0x080038d9   Thumb Code    14  bsp_rs485x.o(i.bsp_RS485C_SendData)
    bsp_RS485xVar_Init                       0x080038ed   Thumb Code     2  bsp_rs485x.o(i.bsp_RS485xVar_Init)
    bsp_gpioControlGetAddr                   0x080038f1   Thumb Code    34  bsp_gpiocontrol.o(i.bsp_gpioControlGetAddr)
    bsp_gpioControlGetCodeSendingTime        0x08003919   Thumb Code    34  bsp_gpiocontrol.o(i.bsp_gpioControlGetCodeSendingTime)
    bsp_gpioControlGetFloorOffset            0x08003945   Thumb Code    46  bsp_gpiocontrol.o(i.bsp_gpioControlGetFloorOffset)
    bsp_gpioControlGetGroupNumber            0x0800397d   Thumb Code    38  bsp_gpiocontrol.o(i.bsp_gpioControlGetGroupNumber)
    bsp_gpioControlGetMachineNumber          0x080039a9   Thumb Code    36  bsp_gpiocontrol.o(i.bsp_gpioControlGetMachineNumber)
    bsp_gpioControlGetNagitaveFloorOffset    0x080039d1   Thumb Code    52  bsp_gpiocontrol.o(i.bsp_gpioControlGetNagitaveFloorOffset)
    bsp_gpioControlGetRS485CSendGateTypeFlag 0x08003a0d   Thumb Code    36  bsp_gpiocontrol.o(i.bsp_gpioControlGetRS485CSendGateTypeFlag)
    bsp_gpioControlGetSW45Data               0x08003a3d   Thumb Code   814  bsp_gpiocontrol.o(i.bsp_gpioControlGetSW45Data)
    bsp_gpioControl_Init                     0x08003d89   Thumb Code   342  bsp_gpiocontrol.o(i.bsp_gpioControl_Init)
    fputc                                    0x080040f9   Thumb Code    24  main.o(i.fputc)
    main                                     0x08004161   Thumb Code   286  main.o(i.main)
    AHBPrescTable                            0x0800429c   Data          16  system_stm32f1xx.o(.constdata)
    APBPrescTable                            0x080042ac   Data           8  system_stm32f1xx.o(.constdata)
    Region$$Table$$Base                      0x080042b4   Number         0  anon$$obj.o(Region$$Table)
    Region$$Table$$Limit                     0x080042d4   Number         0  anon$$obj.o(Region$$Table)
    SystemCoreClock                          0x20000000   Data           4  system_stm32f1xx.o(.data)
    uwTickFreq                               0x20000004   Data           1  stm32f1xx_hal.o(.data)
    uwTickPrio                               0x20000008   Data           4  stm32f1xx_hal.o(.data)
    uwTick                                   0x2000000c   Data           4  stm32f1xx_hal.o(.data)
    gRS485BDelayCnt                          0x20000010   Data           1  main.o(.data)
    gNeedWriteFlashFlag                      0x20000011   Data           1  main.o(.data)
    gManuallyFireFlag                        0x20000012   Data           1  main.o(.data)
    gCodeFireFlag                            0x20000013   Data           1  main.o(.data)
    gKA1Flag                                 0x20000014   Data           1  main.o(.data)
    gFlag                                    0x20000015   Data           1  main.o(.data)
    gRunningLedFlag                          0x20000016   Data           2  main.o(.data)
    USART_RX_FLAG                            0x20000018   Data           1  stm32f1xx_it.o(.data)
    USART_RX_STA                             0x2000001a   Data           2  stm32f1xx_it.o(.data)
    gNeedFlashCardFlag                       0x2000001c   Data           1  bsp_rs485x.o(.data)
    gManuallyRegisterFlag                    0x2000001d   Data           1  bsp_rs485x.o(.data)
    gAutoRegisterFlag                        0x2000001e   Data           1  bsp_rs485x.o(.data)
    gKA2ActionFlag                           0x2000001f   Data           1  bsp_rs485x.o(.data)
    gRevRS485CAskFlag                        0x20000020   Data           1  bsp_rs485x.o(.data)
    gRevRS485BDelayFlag                      0x20000021   Data           1  bsp_rs485x.o(.data)
    gKA1TimCnt                               0x20000022   Data           2  bsp_rs485x.o(.data)
    gClearTimeCnt                            0x20000024   Data           2  bsp_rs485x.o(.data)
    gRevRS485ADataFlag                       0x20000026   Data           1  bsp_rs485x.o(.data)
    gRS485AAckFlag                           0x20000028   Data           1  bsp_gpiocontrol.o(.data)
    gRevRS485AGateTypeFlag                   0x20000029   Data           1  bsp_gpiocontrol.o(.data)
    gRS485CSendGateTypeFlag                  0x2000002a   Data           1  bsp_gpiocontrol.o(.data)
    gFireFlag                                0x2000002b   Data           1  bsp_gpiocontrol.o(.data)
    gGroupNumber                             0x2000002c   Data           1  bsp_gpiocontrol.o(.data)
    gMachineNumber                           0x2000002d   Data           1  bsp_gpiocontrol.o(.data)
    gAddr                                    0x2000002e   Data           1  bsp_gpiocontrol.o(.data)
    gFloorOffset                             0x2000002f   Data           1  bsp_gpiocontrol.o(.data)
    gNagivateFloorOffset                     0x20000030   Data           1  bsp_gpiocontrol.o(.data)
    gCodeSendingTime                         0x20000031   Data           1  bsp_gpiocontrol.o(.data)
    gCodeSendingTimeCnt                      0x20000034   Data           4  bsp_gpiocontrol.o(.data)
    __stdout                                 0x20000038   Data           4  stdout.o(.data)
    pFlash                                   0x20000040   Data          32  stm32f1xx_hal_flash.o(.bss)
    aRxBuffer                                0x20000060   Data         256  stm32f1xx_it.o(.bss)
    huart1                                   0x20000160   Data          64  usart.o(.bss)
    huart2                                   0x200001a0   Data          64  usart.o(.bss)
    huart3                                   0x200001e0   Data          64  usart.o(.bss)
    hdma_usart2_rx                           0x20000220   Data          68  usart.o(.bss)
    hdma_usart3_rx                           0x20000264   Data          68  usart.o(.bss)
    htim3                                    0x200002a8   Data          64  tim.o(.bss)
    htim4                                    0x200002e8   Data          64  tim.o(.bss)
    htim5                                    0x20000328   Data          64  tim.o(.bss)
    gRS485AReceiveInfo                       0x20000368   Data         516  bsp_rs485x.o(.bss)
    gRS485BReceiveInfo                       0x2000056c   Data         516  bsp_rs485x.o(.bss)
    gRS485CReceiveInfo                       0x20000770   Data         516  bsp_rs485x.o(.bss)
    gRS485BData                              0x20000974   Data           9  bsp_rs485x.o(.bss)
    gAckRS485CAskDataBuff                    0x2000097d   Data          37  bsp_rs485x.o(.bss)
    gRS485AV2DataBuff                        0x200009a2   Data          35  bsp_rs485x.o(.bss)
    __initial_sp                             0x20000dc8   Data           0  startup_stm32f103xe.o(STACK)



==============================================================================

Memory Map of the image

  Image Entry point : 0x08000131

  Load Region LR_IROM1 (Base: 0x08000000, Size: 0x00004310, Max: 0x00080000, ABSOLUTE)

    Execution Region ER_IROM1 (Exec base: 0x08000000, Load base: 0x08000000, Size: 0x000042d4, Max: 0x00080000, ABSOLUTE)

    Exec Addr    Load Addr    Size         Type   Attr      Idx    E Section Name        Object

    0x08000000   0x08000000   0x00000130   Data   RO            3    RESET               startup_stm32f103xe.o
    0x08000130   0x08000130   0x00000000   Code   RO         2979  * .ARM.Collect$$$$00000000  mc_w.l(entry.o)
    0x08000130   0x08000130   0x00000004   Code   RO         3245    .ARM.Collect$$$$00000001  mc_w.l(entry2.o)
    0x08000134   0x08000134   0x00000004   Code   RO         3248    .ARM.Collect$$$$00000004  mc_w.l(entry5.o)
    0x08000138   0x08000138   0x00000000   Code   RO         3250    .ARM.Collect$$$$00000008  mc_w.l(entry7b.o)
    0x08000138   0x08000138   0x00000000   Code   RO         3252    .ARM.Collect$$$$0000000A  mc_w.l(entry8b.o)
    0x08000138   0x08000138   0x00000008   Code   RO         3253    .ARM.Collect$$$$0000000B  mc_w.l(entry9a.o)
    0x08000140   0x08000140   0x00000000   Code   RO         3255    .ARM.Collect$$$$0000000D  mc_w.l(entry10a.o)
    0x08000140   0x08000140   0x00000000   Code   RO         3257    .ARM.Collect$$$$0000000F  mc_w.l(entry11a.o)
    0x08000140   0x08000140   0x00000004   Code   RO         3246    .ARM.Collect$$$$00002712  mc_w.l(entry2.o)
    0x08000144   0x08000144   0x00000024   Code   RO            4    .text               startup_stm32f103xe.o
    0x08000168   0x08000168   0x0000002c   Code   RO         3260    .text               mc_w.l(uidiv.o)
    0x08000194   0x08000194   0x00000024   Code   RO         3275    .text               mc_w.l(init.o)
    0x080001b8   0x080001b8   0x00000002   Code   RO         2380    i.BusFault_Handler  stm32f1xx_it.o
    0x080001ba   0x080001ba   0x00000002   PAD
    0x080001bc   0x080001bc   0x0000000c   Code   RO         2381    i.DMA1_Channel3_IRQHandler  stm32f1xx_it.o
    0x080001c8   0x080001c8   0x0000000c   Code   RO         2382    i.DMA1_Channel6_IRQHandler  stm32f1xx_it.o
    0x080001d4   0x080001d4   0x0000002a   Code   RO         1899    i.DMA_SetConfig     stm32f1xx_hal_dma.o
    0x080001fe   0x080001fe   0x00000002   Code   RO         2383    i.DebugMon_Handler  stm32f1xx_it.o
    0x08000200   0x08000200   0x000000b0   Code   RO         2061    i.FLASH_OB_DisableWRP  stm32f1xx_hal_flash_ex.o
    0x080002b0   0x080002b0   0x000000b0   Code   RO         2062    i.FLASH_OB_EnableWRP  stm32f1xx_hal_flash_ex.o
    0x08000360   0x08000360   0x00000018   Code   RO         2063    i.FLASH_OB_GetRDP   stm32f1xx_hal_flash_ex.o
    0x08000378   0x08000378   0x00000064   Code   RO         2064    i.FLASH_OB_RDP_LevelConfig  stm32f1xx_hal_flash_ex.o
    0x080003dc   0x080003dc   0x0000005c   Code   RO          295    i.FLASH_SetErrorCode  stm32f1xx_hal_flash.o
    0x08000438   0x08000438   0x00000054   Code   RO          296    i.FLASH_WaitForLastOperation  stm32f1xx_hal_flash.o
    0x0800048c   0x0800048c   0x00000030   Code   RO         1900    i.HAL_DMA_Abort     stm32f1xx_hal_dma.o
    0x080004bc   0x080004bc   0x00000130   Code   RO         1901    i.HAL_DMA_Abort_IT  stm32f1xx_hal_dma.o
    0x080005ec   0x080005ec   0x00000248   Code   RO         1905    i.HAL_DMA_IRQHandler  stm32f1xx_hal_dma.o
    0x08000834   0x08000834   0x00000084   Code   RO         1906    i.HAL_DMA_Init      stm32f1xx_hal_dma.o
    0x080008b8   0x080008b8   0x00000070   Code   RO         1910    i.HAL_DMA_Start_IT  stm32f1xx_hal_dma.o
    0x08000928   0x08000928   0x00000054   Code   RO         2068    i.HAL_FLASHEx_OBErase  stm32f1xx_hal_flash_ex.o
    0x0800097c   0x0800097c   0x00000024   Code   RO         2069    i.HAL_FLASHEx_OBGetConfig  stm32f1xx_hal_flash_ex.o
    0x080009a0   0x080009a0   0x00000020   Code   RO         2070    i.HAL_FLASHEx_OBGetUserData  stm32f1xx_hal_flash_ex.o
    0x080009c0   0x080009c0   0x000000c8   Code   RO         2071    i.HAL_FLASHEx_OBProgram  stm32f1xx_hal_flash_ex.o
    0x08000a88   0x08000a88   0x00000014   Code   RO          300    i.HAL_FLASH_Lock    stm32f1xx_hal_flash.o
    0x08000a9c   0x08000a9c   0x00000014   Code   RO          302    i.HAL_FLASH_OB_Lock  stm32f1xx_hal_flash.o
    0x08000ab0   0x08000ab0   0x00000024   Code   RO          303    i.HAL_FLASH_OB_Unlock  stm32f1xx_hal_flash.o
    0x08000ad4   0x08000ad4   0x00000028   Code   RO          307    i.HAL_FLASH_Unlock  stm32f1xx_hal_flash.o
    0x08000afc   0x08000afc   0x000001e8   Code   RO         1997    i.HAL_GPIO_Init     stm32f1xx_hal_gpio.o
    0x08000ce4   0x08000ce4   0x0000000a   Code   RO         1999    i.HAL_GPIO_ReadPin  stm32f1xx_hal_gpio.o
    0x08000cee   0x08000cee   0x0000000a   Code   RO         2001    i.HAL_GPIO_WritePin  stm32f1xx_hal_gpio.o
    0x08000cf8   0x08000cf8   0x0000000c   Code   RO         1751    i.HAL_GetTick       stm32f1xx_hal.o
    0x08000d04   0x08000d04   0x00000010   Code   RO         1755    i.HAL_IncTick       stm32f1xx_hal.o
    0x08000d14   0x08000d14   0x00000024   Code   RO         1756    i.HAL_Init          stm32f1xx_hal.o
    0x08000d38   0x08000d38   0x00000040   Code   RO         1757    i.HAL_InitTick      stm32f1xx_hal.o
    0x08000d78   0x08000d78   0x00000080   Code   RO         2513    i.HAL_MspInit       stm32f1xx_hal_msp.o
    0x08000df8   0x08000df8   0x00000016   Code   RO         1589    i.HAL_NVIC_EnableIRQ  stm32f1xx_hal_cortex.o
    0x08000e0e   0x08000e0e   0x00000002   PAD
    0x08000e10   0x08000e10   0x00000040   Code   RO         1595    i.HAL_NVIC_SetPriority  stm32f1xx_hal_cortex.o
    0x08000e50   0x08000e50   0x00000024   Code   RO         1596    i.HAL_NVIC_SetPriorityGrouping  stm32f1xx_hal_cortex.o
    0x08000e74   0x08000e74   0x00000154   Code   RO         2146    i.HAL_RCC_ClockConfig  stm32f1xx_hal_rcc.o
    0x08000fc8   0x08000fc8   0x0000000c   Code   RO         2151    i.HAL_RCC_GetHCLKFreq  stm32f1xx_hal_rcc.o
    0x08000fd4   0x08000fd4   0x00000020   Code   RO         2153    i.HAL_RCC_GetPCLK1Freq  stm32f1xx_hal_rcc.o
    0x08000ff4   0x08000ff4   0x00000020   Code   RO         2154    i.HAL_RCC_GetPCLK2Freq  stm32f1xx_hal_rcc.o
    0x08001014   0x08001014   0x0000006c   Code   RO         2155    i.HAL_RCC_GetSysClockFreq  stm32f1xx_hal_rcc.o
    0x08001080   0x08001080   0x00000304   Code   RO         2158    i.HAL_RCC_OscConfig  stm32f1xx_hal_rcc.o
    0x08001384   0x08001384   0x00000018   Code   RO         1598    i.HAL_SYSTICK_CLKSourceConfig  stm32f1xx_hal_cortex.o
    0x0800139c   0x0800139c   0x00000002   Code   RO         1599    i.HAL_SYSTICK_Callback  stm32f1xx_hal_cortex.o
    0x0800139e   0x0800139e   0x00000028   Code   RO         1600    i.HAL_SYSTICK_Config  stm32f1xx_hal_cortex.o
    0x080013c6   0x080013c6   0x00000008   Code   RO         1601    i.HAL_SYSTICK_IRQHandler  stm32f1xx_hal_cortex.o
    0x080013ce   0x080013ce   0x00000002   Code   RO         1028    i.HAL_TIMEx_BreakCallback  stm32f1xx_hal_tim_ex.o
    0x080013d0   0x080013d0   0x00000002   Code   RO         1029    i.HAL_TIMEx_CommutationCallback  stm32f1xx_hal_tim_ex.o
    0x080013d2   0x080013d2   0x00000050   Code   RO         1045    i.HAL_TIMEx_MasterConfigSynchronization  stm32f1xx_hal_tim_ex.o
    0x08001422   0x08001422   0x00000036   Code   RO          399    i.HAL_TIM_Base_Init  stm32f1xx_hal_tim.o
    0x08001458   0x08001458   0x0000005c   Code   RO         2592    i.HAL_TIM_Base_MspInit  tim.o
    0x080014b4   0x080014b4   0x00000018   Code   RO          404    i.HAL_TIM_Base_Start_IT  stm32f1xx_hal_tim.o
    0x080014cc   0x080014cc   0x000000f2   Code   RO          408    i.HAL_TIM_ConfigClockSource  stm32f1xx_hal_tim.o
    0x080015be   0x080015be   0x00000002   Code   RO          428    i.HAL_TIM_IC_CaptureCallback  stm32f1xx_hal_tim.o
    0x080015c0   0x080015c0   0x00000166   Code   RO          441    i.HAL_TIM_IRQHandler  stm32f1xx_hal_tim.o
    0x08001726   0x08001726   0x00000002   Code   RO          444    i.HAL_TIM_OC_DelayElapsedCallback  stm32f1xx_hal_tim.o
    0x08001728   0x08001728   0x00000002   Code   RO          471    i.HAL_TIM_PWM_PulseFinishedCallback  stm32f1xx_hal_tim.o
    0x0800172a   0x0800172a   0x00000002   PAD
    0x0800172c   0x0800172c   0x00000264   Code   RO         2247    i.HAL_TIM_PeriodElapsedCallback  main.o
    0x08001990   0x08001990   0x00000002   Code   RO          482    i.HAL_TIM_TriggerCallback  stm32f1xx_hal_tim.o
    0x08001992   0x08001992   0x00000058   Code   RO         1280    i.HAL_UART_DMAStop  stm32f1xx_hal_uart.o
    0x080019ea   0x080019ea   0x00000002   Code   RO         1282    i.HAL_UART_ErrorCallback  stm32f1xx_hal_uart.o
    0x080019ec   0x080019ec   0x00000110   Code   RO         1285    i.HAL_UART_IRQHandler  stm32f1xx_hal_uart.o
    0x08001afc   0x08001afc   0x00000062   Code   RO         1286    i.HAL_UART_Init     stm32f1xx_hal_uart.o
    0x08001b5e   0x08001b5e   0x00000002   PAD
    0x08001b60   0x08001b60   0x0000016c   Code   RO         2538    i.HAL_UART_MspInit  usart.o
    0x08001ccc   0x08001ccc   0x00000098   Code   RO         1290    i.HAL_UART_Receive_DMA  stm32f1xx_hal_uart.o
    0x08001d64   0x08001d64   0x00000002   Code   RO         1292    i.HAL_UART_RxCpltCallback  stm32f1xx_hal_uart.o
    0x08001d66   0x08001d66   0x00000002   Code   RO         1293    i.HAL_UART_RxHalfCpltCallback  stm32f1xx_hal_uart.o
    0x08001d68   0x08001d68   0x000000ba   Code   RO         1294    i.HAL_UART_Transmit  stm32f1xx_hal_uart.o
    0x08001e22   0x08001e22   0x00000002   Code   RO         1297    i.HAL_UART_TxCpltCallback  stm32f1xx_hal_uart.o
    0x08001e24   0x08001e24   0x00000002   Code   RO         2384    i.HardFault_Handler  stm32f1xx_it.o
    0x08001e26   0x08001e26   0x00000002   PAD
    0x08001e28   0x08001e28   0x0000001c   Code   RO         2332    i.MX_DMA_Init       dma.o
    0x08001e44   0x08001e44   0x00000120   Code   RO         2356    i.MX_GPIO_Init      gpio.o
    0x08001f64   0x08001f64   0x00000086   Code   RO         2248    i.MX_NVIC_Init      main.o
    0x08001fea   0x08001fea   0x00000002   PAD
    0x08001fec   0x08001fec   0x0000007c   Code   RO         2593    i.MX_TIM3_Init      tim.o
    0x08002068   0x08002068   0x0000007c   Code   RO         2594    i.MX_TIM4_Init      tim.o
    0x080020e4   0x080020e4   0x00000074   Code   RO         2595    i.MX_TIM5_Init      tim.o
    0x08002158   0x08002158   0x0000004c   Code   RO         2539    i.MX_USART1_UART_Init  usart.o
    0x080021a4   0x080021a4   0x0000004c   Code   RO         2540    i.MX_USART2_UART_Init  usart.o
    0x080021f0   0x080021f0   0x0000004c   Code   RO         2541    i.MX_USART3_UART_Init  usart.o
    0x0800223c   0x0800223c   0x00000002   Code   RO         2385    i.MemManage_Handler  stm32f1xx_it.o
    0x0800223e   0x0800223e   0x00000002   Code   RO         2386    i.NMI_Handler       stm32f1xx_it.o
    0x08002240   0x08002240   0x00000020   Code   RO         1602    i.NVIC_SetPriority  stm32f1xx_hal_cortex.o
    0x08002260   0x08002260   0x00000002   Code   RO         2387    i.PendSV_Handler    stm32f1xx_it.o
    0x08002262   0x08002262   0x00000002   Code   RO         2388    i.SVC_Handler       stm32f1xx_it.o
    0x08002264   0x08002264   0x0000000e   Code   RO         2389    i.SysTick_Handler   stm32f1xx_it.o
    0x08002272   0x08002272   0x00000066   Code   RO         2249    i.SystemClock_Config  main.o
    0x080022d8   0x080022d8   0x00000048   Code   RO           14    i.SystemInit        system_stm32f1xx.o
    0x08002320   0x08002320   0x0000000c   Code   RO         2390    i.TIM3_IRQHandler   stm32f1xx_it.o
    0x0800232c   0x0800232c   0x0000000c   Code   RO         2391    i.TIM4_IRQHandler   stm32f1xx_it.o
    0x08002338   0x08002338   0x0000000c   Code   RO         2392    i.TIM5_IRQHandler   stm32f1xx_it.o
    0x08002344   0x08002344   0x0000008c   Code   RO          483    i.TIM_Base_SetConfig  stm32f1xx_hal_tim.o
    0x080023d0   0x080023d0   0x00000014   Code   RO          490    i.TIM_ETR_SetConfig  stm32f1xx_hal_tim.o
    0x080023e4   0x080023e4   0x00000010   Code   RO          491    i.TIM_ITRx_SetConfig  stm32f1xx_hal_tim.o
    0x080023f4   0x080023f4   0x00000022   Code   RO          497    i.TIM_TI1_ConfigInputStage  stm32f1xx_hal_tim.o
    0x08002416   0x08002416   0x00000024   Code   RO          499    i.TIM_TI2_ConfigInputStage  stm32f1xx_hal_tim.o
    0x0800243a   0x0800243a   0x00000010   Code   RO         1299    i.UART_DMAAbortOnError  stm32f1xx_hal_uart.o
    0x0800244a   0x0800244a   0x0000004a   Code   RO         1300    i.UART_DMAError     stm32f1xx_hal_uart.o
    0x08002494   0x08002494   0x0000003c   Code   RO         1301    i.UART_DMAReceiveCplt  stm32f1xx_hal_uart.o
    0x080024d0   0x080024d0   0x0000000a   Code   RO         1303    i.UART_DMARxHalfCplt  stm32f1xx_hal_uart.o
    0x080024da   0x080024da   0x0000001c   Code   RO         1309    i.UART_EndRxTransfer  stm32f1xx_hal_uart.o
    0x080024f6   0x080024f6   0x00000012   Code   RO         1310    i.UART_EndTxTransfer  stm32f1xx_hal_uart.o
    0x08002508   0x08002508   0x00000096   Code   RO         1311    i.UART_Receive_IT   stm32f1xx_hal_uart.o
    0x0800259e   0x0800259e   0x00000002   PAD
    0x080025a0   0x080025a0   0x00000170   Code   RO         1312    i.UART_SetConfig    stm32f1xx_hal_uart.o
    0x08002710   0x08002710   0x00000062   Code   RO         1313    i.UART_Transmit_IT  stm32f1xx_hal_uart.o
    0x08002772   0x08002772   0x00000064   Code   RO         1314    i.UART_WaitOnFlagUntilTimeout  stm32f1xx_hal_uart.o
    0x080027d6   0x080027d6   0x00000002   PAD
    0x080027d8   0x080027d8   0x0000015c   Code   RO         2393    i.USART1_IRQHandler  stm32f1xx_it.o
    0x08002934   0x08002934   0x00000018   Code   RO         2394    i.USART2_IRQHandler  stm32f1xx_it.o
    0x0800294c   0x0800294c   0x00000018   Code   RO         2395    i.USART3_IRQHandler  stm32f1xx_it.o
    0x08002964   0x08002964   0x00000002   Code   RO         2396    i.UsageFault_Handler  stm32f1xx_it.o
    0x08002966   0x08002966   0x00000002   Code   RO         2250    i._Error_Handler    main.o
    0x08002968   0x08002968   0x00000020   Code   RO         3139    i.__0printf$6       mc_w.l(printf6.o)
    0x08002988   0x08002988   0x0000000e   Code   RO         3285    i.__scatterload_copy  mc_w.l(handlers.o)
    0x08002996   0x08002996   0x00000002   Code   RO         3286    i.__scatterload_null  mc_w.l(handlers.o)
    0x08002998   0x08002998   0x0000000e   Code   RO         3287    i.__scatterload_zeroinit  mc_w.l(handlers.o)
    0x080029a6   0x080029a6   0x00000002   PAD
    0x080029a8   0x080029a8   0x000002f0   Code   RO         3146    i._printf_core      mc_w.l(printf6.o)
    0x08002c98   0x08002c98   0x00000024   Code   RO         3147    i._printf_post_padding  mc_w.l(printf6.o)
    0x08002cbc   0x08002cbc   0x0000002e   Code   RO         3148    i._printf_pre_padding  mc_w.l(printf6.o)
    0x08002cea   0x08002cea   0x00000002   PAD
    0x08002cec   0x08002cec   0x00000024   Code   RO         2647    i.bsp_CLearAutoRegisterFloorInfo  bsp_rs485x.o
    0x08002d10   0x08002d10   0x00000018   Code   RO         2648    i.bsp_ClearAllRegisterFloorInfo  bsp_rs485x.o
    0x08002d28   0x08002d28   0x0000002a   Code   RO         2649    i.bsp_RS485A_AckCmd  bsp_rs485x.o
    0x08002d52   0x08002d52   0x00000002   PAD
    0x08002d54   0x08002d54   0x00000030   Code   RO         2651    i.bsp_RS485A_Init   bsp_rs485x.o
    0x08002d84   0x08002d84   0x00000850   Code   RO         2652    i.bsp_RS485A_PrashData  bsp_rs485x.o
    0x080035d4   0x080035d4   0x00000048   Code   RO         2653    i.bsp_RS485A_Receive_IDLE  bsp_rs485x.o
    0x0800361c   0x0800361c   0x00000014   Code   RO         2655    i.bsp_RS485A_SendData  bsp_rs485x.o
    0x08003630   0x08003630   0x00000048   Code   RO         2656    i.bsp_RS485B_AckCmd  bsp_rs485x.o
    0x08003678   0x08003678   0x00000020   Code   RO         2657    i.bsp_RS485B_Init   bsp_rs485x.o
    0x08003698   0x08003698   0x000001d0   Code   RO         2658    i.bsp_RS485B_PrashData  bsp_rs485x.o
    0x08003868   0x08003868   0x00000048   Code   RO         2659    i.bsp_RS485B_Receive_IDLE  bsp_rs485x.o
    0x080038b0   0x080038b0   0x00000014   Code   RO         2661    i.bsp_RS485B_SendData  bsp_rs485x.o
    0x080038c4   0x080038c4   0x00000014   Code   RO         2663    i.bsp_RS485C_Init   bsp_rs485x.o
    0x080038d8   0x080038d8   0x00000014   Code   RO         2668    i.bsp_RS485C_SendData  bsp_rs485x.o
    0x080038ec   0x080038ec   0x00000002   Code   RO         2669    i.bsp_RS485xVar_Init  bsp_rs485x.o
    0x080038ee   0x080038ee   0x00000002   PAD
    0x080038f0   0x080038f0   0x00000028   Code   RO         2835    i.bsp_gpioControlGetAddr  bsp_gpiocontrol.o
    0x08003918   0x08003918   0x0000002c   Code   RO         2836    i.bsp_gpioControlGetCodeSendingTime  bsp_gpiocontrol.o
    0x08003944   0x08003944   0x00000038   Code   RO         2838    i.bsp_gpioControlGetFloorOffset  bsp_gpiocontrol.o
    0x0800397c   0x0800397c   0x0000002c   Code   RO         2839    i.bsp_gpioControlGetGroupNumber  bsp_gpiocontrol.o
    0x080039a8   0x080039a8   0x00000028   Code   RO         2840    i.bsp_gpioControlGetMachineNumber  bsp_gpiocontrol.o
    0x080039d0   0x080039d0   0x0000003c   Code   RO         2841    i.bsp_gpioControlGetNagitaveFloorOffset  bsp_gpiocontrol.o
    0x08003a0c   0x08003a0c   0x00000030   Code   RO         2842    i.bsp_gpioControlGetRS485CSendGateTypeFlag  bsp_gpiocontrol.o
    0x08003a3c   0x08003a3c   0x0000034c   Code   RO         2843    i.bsp_gpioControlGetSW45Data  bsp_gpiocontrol.o
    0x08003d88   0x08003d88   0x00000370   Code   RO         2844    i.bsp_gpioControl_Init  bsp_gpiocontrol.o
    0x080040f8   0x080040f8   0x0000001c   Code   RO         2251    i.fputc             main.o
    0x08004114   0x08004114   0x0000001a   Code   RO         2670    i.getSUMCode        bsp_rs485x.o
    0x0800412e   0x0800412e   0x00000018   Code   RO         2397    i.getXORCode        stm32f1xx_it.o
    0x08004146   0x08004146   0x00000018   Code   RO         2671    i.getXORCode        bsp_rs485x.o
    0x0800415e   0x0800415e   0x00000002   PAD
    0x08004160   0x08004160   0x0000013c   Code   RO         2252    i.main              main.o
    0x0800429c   0x0800429c   0x00000010   Data   RO           15    .constdata          system_stm32f1xx.o
    0x080042ac   0x080042ac   0x00000008   Data   RO           16    .constdata          system_stm32f1xx.o
    0x080042b4   0x080042b4   0x00000020   Data   RO         3283    Region$$Table       anon$$obj.o


    Execution Region RW_IRAM1 (Exec base: 0x20000000, Load base: 0x080042d4, Size: 0x00000dc8, Max: 0x00010000, ABSOLUTE)

    Exec Addr    Load Addr    Size         Type   Attr      Idx    E Section Name        Object

    0x20000000   0x080042d4   0x00000004   Data   RW           17    .data               system_stm32f1xx.o
    0x20000004   0x080042d8   0x0000000c   Data   RW         1763    .data               stm32f1xx_hal.o
    0x20000010   0x080042e4   0x00000008   Data   RW         2254    .data               main.o
    0x20000018   0x080042ec   0x00000004   Data   RW         2399    .data               stm32f1xx_it.o
    0x2000001c   0x080042f0   0x0000000a   Data   RW         2674    .data               bsp_rs485x.o
    0x20000026   0x080042fa   0x00000001   Data   RW         2675    .data               bsp_rs485x.o
    0x20000027   0x080042fb   0x00000001   PAD
    0x20000028   0x080042fc   0x00000010   Data   RW         2846    .data               bsp_gpiocontrol.o
    0x20000038   0x0800430c   0x00000004   Data   RW         3259    .data               mc_w.l(stdout.o)
    0x2000003c   0x08004310   0x00000004   PAD
    0x20000040        -       0x00000020   Zero   RW          308    .bss                stm32f1xx_hal_flash.o
    0x20000060        -       0x00000100   Zero   RW         2398    .bss                stm32f1xx_it.o
    0x20000160        -       0x00000148   Zero   RW         2542    .bss                usart.o
    0x200002a8        -       0x000000c0   Zero   RW         2596    .bss                tim.o
    0x20000368        -       0x0000065d   Zero   RW         2672    .bss                bsp_rs485x.o
    0x200009c5   0x08004310   0x00000003   PAD
    0x200009c8        -       0x00000400   Zero   RW            1    STACK               startup_stm32f103xe.o


==============================================================================

Image component sizes


      Code (inc. data)   RO Data    RW Data    ZI Data      Debug   Object Name

      2056        624          0         16          0       6951   bsp_gpiocontrol.o
      3122        172          0         11       1629      13487   bsp_rs485x.o
        28          6          0          0          0        742   dma.o
       288         26          0          0          0       1051   gpio.o
      1194        102          0          8          0       5216   main.o
        36          8        304          0       1024        804   startup_stm32f103xe.o
       128         24          0         12          0       3325   stm32f1xx_hal.o
       228         14          0          0          0      27517   stm32f1xx_hal_cortex.o
      1222         52          0          0          0       5134   stm32f1xx_hal_dma.o
       292         48          0          0         32       3964   stm32f1xx_hal_flash.o
       828         84          0          0          0       7597   stm32f1xx_hal_flash_ex.o
       508         42          0          0          0       3567   stm32f1xx_hal_gpio.o
       128         10          0          0          0        902   stm32f1xx_hal_msp.o
      1296        104          0          0          0       5740   stm32f1xx_hal_rcc.o
       932         20          0          0          0       9655   stm32f1xx_hal_tim.o
        84          0          0          0          0       2382   stm32f1xx_hal_tim_ex.o
      1726         24          0          0          0      13651   stm32f1xx_hal_uart.o
       510         94          0          4        256       9710   stm32f1xx_it.o
        72         16         24          4          0     487243   system_stm32f1xx.o
       456         96          0          0        192       2956   tim.o
       592        126          0          0        328       3206   usart.o

    ----------------------------------------------------------------------
     15748       1692        360         56       3464     614800   Object Totals
         0          0         32          0          0          0   (incl. Generated)
        22          0          0          1          3          0   (incl. Padding)

    ----------------------------------------------------------------------

      Code (inc. data)   RO Data    RW Data    ZI Data      Debug   Library Member Name

         0          0          0          0          0          0   entry.o
         0          0          0          0          0          0   entry10a.o
         0          0          0          0          0          0   entry11a.o
         8          4          0          0          0          0   entry2.o
         4          0          0          0          0          0   entry5.o
         0          0          0          0          0          0   entry7b.o
         0          0          0          0          0          0   entry8b.o
         8          4          0          0          0          0   entry9a.o
        30          0          0          0          0          0   handlers.o
        36          8          0          0          0         68   init.o
       866         14          0          0          0        352   printf6.o
         0          0          0          4          0          0   stdout.o
        44          0          0          0          0         80   uidiv.o

    ----------------------------------------------------------------------
      1000         30          0          4          4        500   Library Totals
         4          0          0          0          4          0   (incl. Padding)

    ----------------------------------------------------------------------

      Code (inc. data)   RO Data    RW Data    ZI Data      Debug   Library Name

       996         30          0          4          0        500   mc_w.l

    ----------------------------------------------------------------------
      1000         30          0          4          4        500   Library Totals

    ----------------------------------------------------------------------

==============================================================================


      Code (inc. data)   RO Data    RW Data    ZI Data      Debug   

     16748       1722        360         60       3468     608380   Grand Totals
     16748       1722        360         60       3468     608380   ELF Image Totals
     16748       1722        360         60          0          0   ROM Totals

==============================================================================

    Total RO  Size (Code + RO Data)                17108 (  16.71kB)
    Total RW  Size (RW Data + ZI Data)              3528 (   3.45kB)
    Total ROM Size (Code + RO Data + RW Data)      17168 (  16.77kB)

==============================================================================

